
> fin-ops-platform-web@0.1.0 e2e:smoke
> playwright test e2e/app-shell.spec.ts e2e/app-shell-responsive.spec.ts e2e/finance-table-system-flow.spec.ts e2e/workbench-relation-fanout.spec.ts e2e/bank-details-export-download.spec.ts e2e/bank-details-initial-state.spec.ts e2e/bank-details-stale-refreshing.spec.ts e2e/bank-details-filtered-export-permissions.spec.ts e2e/bank-details-large-scroll-flow.spec.ts e2e/bank-details-category-flow.spec.ts e2e/bank-details-auto-tag-rules-flow.spec.ts e2e/workbench-relations-candidate-semantics.spec.ts e2e/workbench-relations-nonfresh-diagnostics.spec.ts e2e/workbench-relations-oa-pending-fanout.spec.ts e2e/workbench-withdraw-flow.spec.ts e2e/workbench-candidate-split-flow.spec.ts e2e/workbench-stale-error-flow.spec.ts e2e/workbench-network-recovery-flow.spec.ts e2e/workbench-exception-flow.spec.ts e2e/workbench-cash-special-flow.spec.ts e2e/workbench-large-scroll-flow.spec.ts e2e/workbench-permissions-flow.spec.ts e2e/pending-invoices-fanout.spec.ts e2e/pending-invoices-attach-existing-flow.spec.ts e2e/pending-invoices-income-status-flow.spec.ts e2e/pending-invoices-export-download.spec.ts e2e/pending-invoices-rules-save-flow.spec.ts e2e/pending-invoices-filter-sort-flow.spec.ts e2e/batch-accounting-flow.spec.ts e2e/turnover-ledger-flow.spec.ts e2e/imports-bank-transactions-flow.spec.ts e2e/imports-invoices-flow.spec.ts e2e/imports-etc-invoices-flow.spec.ts e2e/tax-offset-flow.spec.ts e2e/workbench-relations-tax-offset-fanout.spec.ts e2e/settings-data-reset-flow.spec.ts e2e/output-invoice-collections-flow.spec.ts e2e/output-invoice-red-relation-fanout.spec.ts e2e/input-invoice-relation-fanout.spec.ts e2e/input-invoice-usage-flow.spec.ts e2e/etc-tickets-flow.spec.ts e2e/oa-pending-payments-flow.spec.ts e2e/oa-pending-payments-confirm-paid-flow.spec.ts e2e/oa-pending-payments-bank-link-flow.spec.ts e2e/oa-pending-payments-nonfresh-flow.spec.ts e2e/bank-flow-rule-batches-flow.spec.ts e2e/cost-statistics-flow.spec.ts e2e/cost-statistics-relation-fanout.spec.ts e2e/permissions-role-matrix.spec.ts

(node:87639) [DEP0205] DeprecationWarning: `module.register()` is deprecated. Use `module.registerHooks()` instead.
(Use `node --trace-deprecation ...` to show where the warning was created)
[2m[WebServer] [22m(node:87701) Warning: The 'NO_COLOR' env is ignored due to the 'FORCE_COLOR' env being set.
[2m[WebServer] [22m(Use `node --trace-warnings ...` to show where the warning was created)
[2m[WebServer] [22m(node:87701) [DEP0205] DeprecationWarning: `module.register()` is deprecated. Use `module.registerHooks()` instead.

Running 180 tests using 1 worker

(node:87900) Warning: The 'NO_COLOR' env is ignored due to the 'FORCE_COLOR' env being set.
(Use `node --trace-warnings ...` to show where the warning was created)
(node:87900) [DEP0205] DeprecationWarning: `module.register()` is deprecated. Use `module.registerHooks()` instead.
(node:87900) Warning: The 'NO_COLOR' env is ignored due to the 'FORCE_COLOR' env being set.
(Use `node --trace-warnings ...` to show where the warning was created)
  ✓    1 [chromium] › e2e/app-shell-responsive.spec.ts:15:3 › app shell responsive browser smoke › opens the compact navigation drawer and closes it after route navigation (2.0s)
  ✓    2 [chromium] › e2e/app-shell-responsive.spec.ts:64:3 › app shell responsive browser smoke › keeps embedded OA shell collapsed but expandable on desktop (707ms)
  ✓    3 [chromium] › e2e/app-shell.spec.ts:56:3 › app shell browser smoke › renders authenticated admin shell, navigation, and AppHealth dashboard (1.3s)
  ✓    4 [chromium] › e2e/app-shell.spec.ts:99:3 › app shell browser smoke › keeps AppHealth dashboard admin-only for read-export users (1.3s)
  ✓    5 [chromium] › e2e/app-shell.spec.ts:120:3 › app shell browser smoke › shows session-denied state without rendering the protected dashboard (475ms)
  ✓    6 [chromium] › e2e/app-shell.spec.ts:141:3 › app shell browser smoke › shows expired session state and does not call protected page APIs (460ms)
  ✓    7 [chromium] › e2e/bank-details-auto-tag-rules-flow.spec.ts:56:3 › bank details auto tag rules browser flow › saves edited automatic tag rules with the visible date scope and waits for fresh bank detail rows (1.8s)
  ✓    8 [chromium] › e2e/bank-details-auto-tag-rules-flow.spec.ts:124:3 › bank details auto tag rules browser flow › reapplies existing automatic tag rules without saving a draft and refreshes bank detail rows (1.8s)
  ✓    9 [chromium] › e2e/bank-details-auto-tag-rules-flow.spec.ts:161:3 › bank details auto tag rules browser flow › keeps a successful save as a warning instead of a failure when the post-save sync is blocked (1.7s)
  ✓   10 [chromium] › e2e/bank-details-category-flow.spec.ts:30:3 › bank details category confirmation browser flow › confirms only the current candidate and refreshes the row as manually confirmed (1.8s)
  ✓   11 [chromium] › e2e/bank-details-category-flow.spec.ts:99:3 › bank details category confirmation browser flow › assigns an unmatched row from active rules with third-level turnover semantics (1.8s)
  ✓   12 [chromium] › e2e/bank-details-export-download.spec.ts:11:3 › bank details export browser download › downloads current filtered bank rows with confirmed relation fields (2.4s)
  ✓   13 [chromium] › e2e/bank-details-filtered-export-permissions.spec.ts:16:3 › bank details filtered export and read-export permissions › downloads the selected account with current keyword and category filters (1.9s)
  ✓   14 [chromium] › e2e/bank-details-filtered-export-permissions.spec.ts:74:3 › bank details filtered export and read-export permissions › exports the selected month and filters after pagination changes without limiting to the current page (2.2s)
  ✓   15 [chromium] › e2e/bank-details-filtered-export-permissions.spec.ts:185:3 › bank details filtered export and read-export permissions › allows read-export users to download while keeping bank detail write entries disabled (1.6s)
  ✓   16 [chromium] › e2e/bank-details-filtered-export-permissions.spec.ts:217:3 › bank details filtered export and read-export permissions › blocks forbidden sessions before bank detail protected APIs load (484ms)
  ✓   17 [chromium] › e2e/bank-details-filtered-export-permissions.spec.ts:228:3 › bank details filtered export and read-export permissions › blocks expired sessions before bank detail protected APIs load (468ms)
  ✓   18 [chromium] › e2e/bank-details-filtered-export-permissions.spec.ts:238:3 › bank details filtered export and read-export permissions › allows admin users to perform bank detail category writes (1.6s)
  ✓   19 [chromium] › e2e/bank-details-initial-state.spec.ts:24:3 › bank details initial browser state › loads the current-year all-account view with balances, default columns, and relation fields (930ms)
  ✓   20 [chromium] › e2e/bank-details-initial-state.spec.ts:74:3 › bank details initial browser state › shows a true empty state only when the fresh transaction result is empty (930ms)
  ✓   21 [chromium] › e2e/bank-details-large-scroll-flow.spec.ts:53:3 › bank details large table and overlay browser flow › keeps long rows, horizontal scroll, filters, export menu, and category popover usable on desktop and narrow viewports (4.5s)
  ✓   22 [chromium] › e2e/bank-details-stale-refreshing.spec.ts:6:3 › bank details read model freshness browser behavior › keeps usable bank rows visible while the transaction read model is refreshing (1.3s)
  ✓   23 [chromium] › e2e/bank-details-stale-refreshing.spec.ts:22:3 › bank details read model freshness browser behavior › does not treat stale empty transaction rows as real empty data and blocks export with a business error (1.5s)
  ✓   24 [chromium] › e2e/bank-details-stale-refreshing.spec.ts:51:3 › bank details read model freshness browser behavior › retries account schema upgrades without dropping visible balances or bank rows (2.1s)
  ✓   25 [chromium] › e2e/bank-details-stale-refreshing.spec.ts:70:3 › bank details read model freshness browser behavior › shows missing transaction read model initialization instead of a true empty table (1.3s)
  ✓   26 [chromium] › e2e/bank-details-stale-refreshing.spec.ts:84:3 › bank details read model freshness browser behavior › recovers transaction rows after a transient network failure and user retry (2.1s)
  ✓   27 [chromium] › e2e/bank-flow-rule-batches-flow.spec.ts:111:3 › bank flow rule batches browser flow › recovers list after a transient load failure when refreshed (1.4s)
  ✓   28 [chromium] › e2e/bank-flow-rule-batches-flow.spec.ts:149:3 › bank flow rule batches browser flow › keeps visible rows while a stale flow rule read model refreshes to fresh (1.3s)
  ✓   29 [chromium] › e2e/bank-flow-rule-batches-flow.spec.ts:180:3 › bank flow rule batches browser flow › shows selectable checkboxes for every ordinary draft flow rule batch type (2.1s)
  ✓   30 [chromium] › e2e/bank-flow-rule-batches-flow.spec.ts:215:3 › bank flow rule batches browser flow › saves tag rules through the freshness barrier and reloads the flow rule list (1.5s)
  ✓   31 [chromium] › e2e/bank-flow-rule-batches-flow.spec.ts:298:3 › bank flow rule batches browser flow › syncs the rule drawer labels after bank detail tags change (2.8s)
  ✓   32 [chromium] › e2e/bank-flow-rule-batches-flow.spec.ts:327:3 › bank flow rule batches browser flow › resets submitted flow rule batches back to unsubmitted (1.6s)
  ✓   33 [chromium] › e2e/bank-flow-rule-batches-flow.spec.ts:378:3 › bank flow rule batches browser flow › submits internal transfer batches without blocking on workbench visibility refresh (1.5s)
  ✓   34 [chromium] › e2e/bank-flow-rule-batches-flow.spec.ts:446:3 › bank flow rule batches browser flow › submits a selected bank row, waits for freshness, and withdraws the submitted flow rule batch (3.6s)
  ✓   35 [chromium] › e2e/bank-flow-rule-batches-flow.spec.ts:576:3 › bank flow rule batches browser flow › renders bank flow rule batches in workbench according to OA and invoice requirements (2.0s)
  ✓   36 [chromium] › e2e/batch-accounting-flow.spec.ts:56:3 › batch accounting browser flow › recovers list after a transient load failure when refreshed (1.4s)
  ✓   37 [chromium] › e2e/batch-accounting-flow.spec.ts:110:3 › batch accounting browser flow › keeps the bank rail readable in a narrow desktop viewport (864ms)
  ✓   38 [chromium] › e2e/batch-accounting-flow.spec.ts:157:3 › batch accounting browser flow › shows stale relation read model diagnostics without treating current rows as empty (1.4s)
  ✓   39 [chromium] › e2e/batch-accounting-flow.spec.ts:206:3 › batch accounting browser flow › submits and withdraws daily reimbursement rows through the relation freshness barrier (2.3s)
  ✓   40 [chromium] › e2e/cost-statistics-flow.spec.ts:141:3 › cost statistics browser flow › recovers explorer after a transient load failure when refreshed (1.1s)
  ✓   41 [chromium] › e2e/cost-statistics-flow.spec.ts:185:5 › cost statistics browser flow › does not treat refreshing read model payloads as final empty cost data (1.3s)
  ✓   42 [chromium] › e2e/cost-statistics-flow.spec.ts:185:5 › cost statistics browser flow › does not treat stale read model payloads as final empty cost data (1.3s)
  ✓   43 [chromium] › e2e/cost-statistics-flow.spec.ts:185:5 › cost statistics browser flow › does not treat failed read model payloads as final empty cost data (1.3s)
  ✓   44 [chromium] › e2e/cost-statistics-flow.spec.ts:218:3 › cost statistics browser flow › downloads the current time-view cost rows with request filters and cost fields (1.7s)
  ✓   45 [chromium] › e2e/cost-statistics-flow.spec.ts:329:3 › cost statistics browser flow › keeps redesigned view buttons and range controls usable (2.3s)
  ✓   46 [chromium] › e2e/cost-statistics-flow.spec.ts:469:3 › cost statistics browser flow › drills into project cost rows and surfaces export row-limit feedback (2.1s)
  ✓   47 [chromium] › e2e/cost-statistics-flow.spec.ts:581:3 › cost statistics browser flow › shows bank and expense-type baselines with drilldown details (2.1s)
  ✓   48 [chromium] › e2e/cost-statistics-flow.spec.ts:638:3 › cost statistics browser flow › does not treat non-fresh transaction detail or export responses as successful results (2.0s)
  ✓   49 [chromium] › e2e/cost-statistics-flow.spec.ts:695:3 › cost statistics browser flow › keeps large cost tables fresh, scrollable, and usable on narrow screens (2.3s)
  ✓   50 [chromium] › e2e/cost-statistics-relation-fanout.spec.ts:12:3 › cost statistics relation browser fan-out › excludes candidate relations from cost amounts until workbench confirm (2.7s)
  ✓   51 [chromium] › e2e/etc-tickets-flow.spec.ts:85:3 › ETC ticket management browser flow › recovers business batches after a transient load failure when refreshed (1.6s)
  ✓   52 [chromium] › e2e/etc-tickets-flow.spec.ts:142:3 › ETC ticket management browser flow › keeps a business batch deletion recoverable after a transient failure (2.2s)
  ✓   53 [chromium] › e2e/etc-tickets-flow.spec.ts:216:3 › ETC ticket management browser flow › keeps submitted batch reset deletion recoverable after a relation command failure (2.4s)
  ✓   54 [chromium] › e2e/etc-tickets-flow.spec.ts:309:3 › ETC ticket management browser flow › keeps source file deletion recoverable after a transient failure (2.4s)
  ✓   55 [chromium] › e2e/etc-tickets-flow.spec.ts:390:3 › ETC ticket management browser flow › keeps ticket-root source upload recoverable after a transient failure (2.1s)
  ✓   56 [chromium] › e2e/etc-tickets-flow.spec.ts:478:3 › ETC ticket management browser flow › keeps the OA draft dialog recoverable after a transient draft creation failure (2.2s)
  ✓   57 [chromium] › e2e/etc-tickets-flow.spec.ts:555:3 › ETC ticket management browser flow › keeps the manual OA status confirmation recoverable after a transient failure (2.4s)
  ✓   58 [chromium] › e2e/etc-tickets-flow.spec.ts:648:3 › ETC ticket management browser flow › creates an OA draft for an imported ETC batch and moves it to submitted history (2.2s)
  ✓   59 [chromium] › e2e/finance-table-system-flow.spec.ts:61:3 › finance table system browser flow › keeps shared wide tables horizontally scrollable and operations controls usable on narrow screens (1.4s)
  ✓   60 [chromium] › e2e/imports-bank-transactions-flow.spec.ts:181:3 › bank transaction import browser flow › previews and confirms bank statement files, then reflects the imported row in bank details (2.6s)
  ✓   61 [chromium] › e2e/imports-bank-transactions-flow.spec.ts:248:3 › bank transaction import browser flow › confirms bank statement import and observes cost statistics as a fresh downstream read model (2.9s)
  ✓   62 [chromium] › e2e/imports-bank-transactions-flow.spec.ts:339:3 › bank transaction import browser flow › cancels bank account conflict confirmation without submitting an import (3.0s)
  ✓   63 [chromium] › e2e/imports-bank-transactions-flow.spec.ts:399:3 › bank transaction import browser flow › keeps corrupt files as file-level errors while confirming only valid bank statements (2.1s)
  ✓   64 [chromium] › e2e/imports-bank-transactions-flow.spec.ts:453:3 › bank transaction import browser flow › locks import actions while slow bank statement preview is in flight (2.3s)
  ✓   65 [chromium] › e2e/imports-bank-transactions-flow.spec.ts:489:3 › bank transaction import browser flow › surfaces preview stale errors without creating an import job or refreshing downstream pages (2.0s)
  ✓   66 [chromium] › e2e/imports-bank-transactions-flow.spec.ts:517:3 › bank transaction import browser flow › keeps confirm failures visible without reporting import success (2.0s)
  ✓   67 [chromium] › e2e/imports-etc-invoices-flow.spec.ts:156:3 › ETC invoice import browser flow › previews ETC zip files for a ready task and confirms the import job (1.8s)
  ✓   68 [chromium] › e2e/imports-etc-invoices-flow.spec.ts:184:3 › ETC invoice import browser flow › confirms ETC import and observes downstream read models as fresh (4.2s)
  ✓   69 [chromium] › e2e/imports-etc-invoices-flow.spec.ts:321:3 › ETC invoice import browser flow › surfaces preview stale errors without starting a background import job (1.9s)
  ✓   70 [chromium] › e2e/imports-etc-invoices-flow.spec.ts:348:3 › ETC invoice import browser flow › clears stale reconciliation task previews and requires a new preview (1.8s)
  ✓   71 [chromium] › e2e/imports-etc-invoices-flow.spec.ts:377:3 › ETC invoice import browser flow › keeps confirm failures visible without reporting background import success (1.9s)
  ✓   72 [chromium] › e2e/imports-invoices-flow.spec.ts:180:3 › invoice import browser flow › previews and confirms input/output invoice files, then refreshes the workbench state (2.0s)
  ✓   73 [chromium] › e2e/imports-invoices-flow.spec.ts:212:3 › invoice import browser flow › confirms invoice import and observes downstream invoice read models as fresh (6.6s)
  ✓   74 [chromium] › e2e/imports-invoices-flow.spec.ts:418:3 › invoice import browser flow › keeps corrupt invoice files as file-level errors while confirming only valid invoice files (2.2s)
  ✓   75 [chromium] › e2e/imports-invoices-flow.spec.ts:471:3 › invoice import browser flow › locks import actions while slow invoice preview is in flight (2.3s)
  ✓   76 [chromium] › e2e/imports-invoices-flow.spec.ts:507:3 › invoice import browser flow › surfaces preview stale errors without creating an import job or refreshing downstream pages (2.0s)
  ✓   77 [chromium] › e2e/imports-invoices-flow.spec.ts:534:3 › invoice import browser flow › keeps confirm failures visible without reporting import success (2.1s)
  ✓   78 [chromium] › e2e/input-invoice-relation-fanout.spec.ts:17:3 › input invoice usage relation browser fan-out › keeps legacy OA evidence non-selectable and refreshes downstream read models after workbench confirm (4.3s)
  ✓   79 [chromium] › e2e/input-invoice-usage-flow.spec.ts:131:3 › input invoice usage browser flow › recovers rows after a transient load failure when refreshed (1.1s)
  ✓   80 [chromium] › e2e/input-invoice-usage-flow.spec.ts:186:3 › input invoice usage browser flow › keeps filter, sort, and page-size controls synchronized with fresh rows (2.0s)
  ✓   81 [chromium] › e2e/input-invoice-usage-flow.spec.ts:321:3 › input invoice usage browser flow › keeps read-export users on read-only workflows without durable writes (1.8s)
  ✓   82 [chromium] › e2e/input-invoice-usage-flow.spec.ts:426:3 › input invoice usage browser flow › refreshes current rows after full-access payment status rules are saved (1.3s)
  ✓   83 [chromium] › e2e/input-invoice-usage-flow.spec.ts:506:3 › input invoice usage browser flow › shows read model refreshing diagnostics instead of stale rows or a true empty state (943ms)
  ✓   84 [chromium] › e2e/input-invoice-usage-flow.spec.ts:541:3 › input invoice usage browser flow › shows relation detail refreshing diagnostics instead of loading forever (1.1s)
  ✓   85 [chromium] › e2e/input-invoice-usage-flow.spec.ts:588:3 › input invoice usage browser flow › opens fresh +N relation details from the row read model without mutations (1.1s)
  ✓   86 [chromium] › e2e/input-invoice-usage-flow.spec.ts:643:3 › input invoice usage browser flow › downloads current filtered rows without paginating the export (1.4s)
  ✓   87 [chromium] › e2e/input-invoice-usage-flow.spec.ts:742:3 › input invoice usage browser flow › shows row-limit feedback instead of downloading an oversized export (1.1s)
  ✓   88 [chromium] › e2e/input-invoice-usage-flow.spec.ts:785:3 › input invoice usage browser flow › keeps export download disabled while the export read model refreshes (1.2s)
  ✓   89 [chromium] › e2e/input-invoice-usage-flow.spec.ts:835:3 › input invoice usage browser flow › creates an OA reverse draft from a selected invoice subset and records submitted history (1.7s)
  ✓   90 [chromium] › e2e/oa-pending-payments-bank-link-flow.spec.ts:73:3 › OA pending payments in-progress bank link browser flow › links only unmatched bank transactions and refreshes rows with automatic OA writeback (2.4s)
  ✓   91 [chromium] › e2e/oa-pending-payments-bank-link-flow.spec.ts:199:3 › OA pending payments in-progress bank link browser flow › keeps bank link failures visible without refreshing rows or writing OA paid status (1.8s)
  ✓   92 [chromium] › e2e/oa-pending-payments-confirm-paid-flow.spec.ts:71:3 › OA pending payments in-progress paid writeback browser flow › writes back a paid in-progress OA payment once and refreshes the writeback read model (2.0s)
  ✓   93 [chromium] › e2e/oa-pending-payments-confirm-paid-flow.spec.ts:122:3 › OA pending payments in-progress paid writeback browser flow › keeps the row unmodified when paid writeback is rejected (1.9s)
  ✓   94 [chromium] › e2e/oa-pending-payments-flow.spec.ts:47:3 › OA pending payments browser flow › recovers rows after a transient load failure when refreshed (1.5s)
  ✓   95 [chromium] › e2e/oa-pending-payments-flow.spec.ts:98:3 › OA pending payments browser flow › filters, sorts, and opens OA, bank, invoice, and rules drawers (3.2s)
  ✓   96 [chromium] › e2e/oa-pending-payments-nonfresh-flow.spec.ts:40:3 › OA pending payments read model freshness browser flow › shows rows refreshing diagnostics instead of a true empty state (1.4s)
  ✓   97 [chromium] › e2e/oa-pending-payments-nonfresh-flow.spec.ts:69:3 › OA pending payments read model freshness browser flow › shows detail unavailable state while the detail read model refreshes (1.5s)
  ✓   98 [chromium] › e2e/output-invoice-collections-flow.spec.ts:117:3 › output invoice collections browser flow › recovers rows after a transient load failure when refreshed (1.6s)
  ✓   99 [chromium] › e2e/output-invoice-collections-flow.spec.ts:174:3 › output invoice collections browser flow › filters, sorts, searches, and changes page size through browser table controls (1.7s)
  ✓  100 [chromium] › e2e/output-invoice-collections-flow.spec.ts:343:3 › output invoice collections browser flow › saves collection status and creates a formal receipt through browser drawers (3.4s)
  ✓  101 [chromium] › e2e/output-invoice-collections-flow.spec.ts:534:3 › output invoice collections browser flow › keeps collection status edits recoverable after a transient save failure (1.8s)
  ✓  102 [chromium] › e2e/output-invoice-collections-flow.spec.ts:617:3 › output invoice collections browser flow › keeps reminder edits recoverable without resaving status after a transient reminder failure (1.7s)
  ✓  103 [chromium] › e2e/output-invoice-collections-flow.spec.ts:703:3 › output invoice collections browser flow › keeps receipt creation recoverable after a transient create failure (1.6s)
  ✓  104 [chromium] › e2e/output-invoice-collections-flow.spec.ts:784:3 › output invoice collections browser flow › keeps receipt void and reissue reasons recoverable after transient failures (2.3s)
  ✓  105 [chromium] › e2e/output-invoice-collections-flow.spec.ts:926:3 › output invoice collections browser flow › shows read model refreshing diagnostics instead of stale rows or a true empty state (923ms)
  ✓  106 [chromium] › e2e/output-invoice-collections-flow.spec.ts:961:3 › output invoice collections browser flow › downloads the current filtered output collection rows without paginating the export (1.4s)
  ✓  107 [chromium] › e2e/output-invoice-collections-flow.spec.ts:1054:3 › output invoice collections browser flow › shows row-limit feedback instead of downloading an oversized export (1.2s)
  ✓  108 [chromium] › e2e/output-invoice-collections-flow.spec.ts:1096:3 › output invoice collections browser flow › keeps read-export users on read-only and export paths without mutation APIs (2.0s)
  ✓  109 [chromium] › e2e/output-invoice-red-relation-fanout.spec.ts:18:3 › output invoice red relation browser fan-out › confirms a red invoice relation, exports relation fields, refreshes tax/cost downstream, and revokes it (4.7s)
  ✓  110 [chromium] › e2e/pending-invoices-attach-existing-flow.spec.ts:81:3 › pending invoices attach existing invoice browser flow › previews and confirms selected expense rows with existing input invoices then refreshes rows (2.6s)
  ✓  111 [chromium] › e2e/pending-invoices-attach-existing-flow.spec.ts:229:3 › pending invoices attach existing invoice browser flow › keeps attach-existing confirmation recoverable after a transient relation failure (3.0s)
  ✓  112 [chromium] › e2e/pending-invoices-attach-existing-flow.spec.ts:346:3 › pending invoices attach existing invoice browser flow › shows preview conflicts and blocks confirm without a half-written relation (1.8s)
  ✓  113 [chromium] › e2e/pending-invoices-export-download.spec.ts:43:3 › pending invoices export browser download › downloads current filtered pending invoices with confirmed OA and invoice relation fields (2.8s)
  ✓  114 [chromium] › e2e/pending-invoices-export-download.spec.ts:189:3 › pending invoices export browser download › surfaces backend row-limit errors without creating a download (2.0s)
  ✓  115 [chromium] › e2e/pending-invoices-fanout.spec.ts:17:3 › pending invoices browser flow › allows selecting text in the pending invoice table body (1.6s)
  ✓  116 [chromium] › e2e/pending-invoices-fanout.spec.ts:53:3 › pending invoices browser flow › reflects workbench confirmed invoice relation in pending invoices (2.6s)
  ✓  117 [chromium] › e2e/pending-invoices-filter-sort-flow.spec.ts:55:3 › pending invoices filter and sort browser flow › recovers rows after a transient load failure when refreshed (1.6s)
  ✓  118 [chromium] › e2e/pending-invoices-filter-sort-flow.spec.ts:101:3 › pending invoices filter and sort browser flow › keeps status filters while applying column filters and amount sorting (2.1s)
  ✓  119 [chromium] › e2e/pending-invoices-income-status-flow.spec.ts:62:3 › pending invoices income status browser flow › batch marks selected income rows as cash income with one mutation and a rows refresh (2.0s)
  ✓  120 [chromium] › e2e/pending-invoices-income-status-flow.spec.ts:131:3 › pending invoices income status browser flow › keeps income status batches recoverable after a transient save failure (2.1s)
  ✓  121 [chromium] › e2e/pending-invoices-income-status-flow.spec.ts:209:3 › pending invoices income status browser flow › surfaces rejected income status batches without clearing selection or changing rows (1.6s)
  ✓  122 [chromium] › e2e/pending-invoices-rules-save-flow.spec.ts:56:3 › pending invoices rules save browser flow › saves expense rules through the pending invoice freshness barrier and refreshes rows (1.8s)
  ✓  123 [chromium] › e2e/pending-invoices-rules-save-flow.spec.ts:133:3 › pending invoices rules save browser flow › keeps rule drafts recoverable after a transient save failure (1.9s)
  ✓  124 [chromium] › e2e/permissions-role-matrix.spec.ts:640:3 › permissions browser role matrix › read-export users can open every readable page without mutation APIs (14.0s)
  ✓  125 [chromium] › e2e/permissions-role-matrix.spec.ts:658:3 › permissions browser role matrix › read-export users cannot trigger high-risk write controls (31.4s)
  ✓  126 [chromium] › e2e/permissions-role-matrix.spec.ts:719:3 › permissions browser role matrix › read-export users cannot trigger submitted-state write controls (4.5s)
  ✓  127 [chromium] › e2e/permissions-role-matrix.spec.ts:744:3 › permissions browser role matrix › read-export users cannot trigger bank detail manual assignment controls (1.4s)
  ✓  128 [chromium] › e2e/permissions-role-matrix.spec.ts:762:3 › permissions browser role matrix › read-export users cannot trigger workbench recovery write controls (1.9s)
  ✓  129 [chromium] › e2e/permissions-role-matrix.spec.ts:782:3 › permissions browser role matrix › full-access users can write business pages but cannot open admin operations (4.1s)
  ✓  130 [chromium] › e2e/permissions-role-matrix.spec.ts:831:3 › permissions browser role matrix › admin users can open admin settings and AppHealth operations (5.1s)
  ✓  131 [chromium] › e2e/settings-data-reset-flow.spec.ts:80:3 › settings data reset browser flow › runs data reset through impact confirmation, OA password review, job polling, and settings reload (4.0s)
  ✓  132 [chromium] › e2e/settings-data-reset-flow.spec.ts:222:3 › settings data reset browser flow › marks a project completed and verifies cost statistics active project scope refresh (1.5s)
  ✓  133 [chromium] › e2e/tax-offset-flow.spec.ts:131:3 › tax offset browser flow › keeps read-export users on read-only tax offset controls without write API calls (1.1s)
  ✓  134 [chromium] › e2e/tax-offset-flow.spec.ts:173:5 › tax offset browser flow › blocks forbidden sessions before tax offset protected APIs load (619ms)
  ✓  135 [chromium] › e2e/tax-offset-flow.spec.ts:173:5 › tax offset browser flow › blocks expired sessions before tax offset protected APIs load (578ms)
  ✓  136 [chromium] › e2e/tax-offset-flow.spec.ts:199:3 › tax offset browser flow › shows tax offset write controls for admin users without requiring admin-only pages (1.2s)
  ✓  137 [chromium] › e2e/tax-offset-flow.spec.ts:237:3 › tax offset browser flow › keeps large tax tables searchable, sortable, filterable, and horizontally scrollable on narrow screens (5.6s)
  ✓  138 [chromium] › e2e/tax-offset-flow.spec.ts:367:5 › tax offset browser flow › blocks false-empty and plan saves while tax offset read model is refreshing (1.1s)
  ✓  139 [chromium] › e2e/tax-offset-flow.spec.ts:367:5 › tax offset browser flow › blocks false-empty and plan saves while tax offset read model is missing (1.0s)
  ✓  140 [chromium] › e2e/tax-offset-flow.spec.ts:367:5 › tax offset browser flow › blocks false-empty and plan saves while tax offset read model is failed (1.1s)
  ✓  141 [chromium] › e2e/tax-offset-flow.spec.ts:398:3 › tax offset browser flow › keeps non-fresh read models out of false-empty and recovers after automatic retry (2.3s)
  ✓  142 [chromium] › e2e/tax-offset-flow.spec.ts:442:3 › tax offset browser flow › shows a version conflict instead of a false save success when plan source versions are stale (1.4s)
  ✓  143 [chromium] › e2e/tax-offset-flow.spec.ts:499:3 › tax offset browser flow › recalculates and saves a tax plan, then imports certified invoices in the page modal (2.4s)
  ✓  144 [chromium] › e2e/turnover-ledger-flow.spec.ts:60:3 › turnover ledger browser flow › recovers grouped ledger after a transient load failure when refreshed (1.5s)
  ✓  145 [chromium] › e2e/turnover-ledger-flow.spec.ts:114:3 › turnover ledger browser flow › shows stale grouped ledger data without allowing manual closure (1.7s)
  ✓  146 [chromium] › e2e/turnover-ledger-flow.spec.ts:172:3 › turnover ledger browser flow › saves turnover tag selection through the freshness barrier and reloads the ledger (2.0s)
  ✓  147 [chromium] › e2e/turnover-ledger-flow.spec.ts:240:3 › turnover ledger browser flow › confirms and withdraws a manual turnover closure through freshness barriers (4.0s)
  ✓  148 [chromium] › e2e/workbench-candidate-split-flow.spec.ts:13:3 › workbench automatic candidate split browser flow › splits an open automatic candidate through preview, freshness barrier, and fresh refetch (2.3s)
  ✓  149 [chromium] › e2e/workbench-cash-special-flow.spec.ts:38:3 › workbench cash special browser flow › handles cash pass-through, ticket purchase, and cancel special processing (3.2s)
  ✓  150 [chromium] › e2e/workbench-exception-flow.spec.ts:27:3 › workbench exception browser flow › applies and then cancels an exception only after freshness barrier and fresh refetch (2.6s)
  ✓  151 [chromium] › e2e/workbench-exception-flow.spec.ts:113:3 › workbench exception browser flow › moves an ignored invoice through ignored modal and restores it after unignore (2.4s)
  ✓  152 [chromium] › e2e/workbench-large-scroll-flow.spec.ts:44:3 › workbench large dataset browser flow › keeps pagination, search, tri-pane scroll, detail drawer, and selection controls usable (5.8s)
  ✓  153 [chromium] › e2e/workbench-network-recovery-flow.spec.ts:88:3 › workbench network recovery and duplicate submit browser flow › recovers from a transient confirm-link network failure through the same preview (2.3s)
  ✓  154 [chromium] › e2e/workbench-network-recovery-flow.spec.ts:117:3 › workbench network recovery and duplicate submit browser flow › does not retry a stale confirm-link preview after a 409 conflict (2.1s)
  ✓  155 [chromium] › e2e/workbench-network-recovery-flow.spec.ts:140:3 › workbench network recovery and duplicate submit browser flow › prevents duplicate confirm-link submissions while the preview is submitting (2.8s)
  ✓  156 [chromium] › e2e/workbench-network-recovery-flow.spec.ts:164:3 › workbench network recovery and duplicate submit browser flow › prevents duplicate split-candidate submissions while the preview is submitting (2.4s)
  ✓  157 [chromium] › e2e/workbench-network-recovery-flow.spec.ts:193:3 › workbench network recovery and duplicate submit browser flow › prevents duplicate withdraw-link submissions while the preview is submitting (3.0s)
  ✓  158 [chromium] › e2e/workbench-permissions-flow.spec.ts:39:3 › workbench read-export permission browser flow › keeps open candidate write entries disabled or hidden without mutation APIs (1.8s)
  ✓  159 [chromium] › e2e/workbench-permissions-flow.spec.ts:60:3 › workbench read-export permission browser flow › keeps paired relation withdraw entries disabled or hidden without mutation APIs (1.8s)
  ✓  160 [chromium] › e2e/workbench-permissions-flow.spec.ts:81:3 › workbench read-export permission browser flow › keeps processed exception and ignored item recovery entries hidden without mutation APIs (1.5s)
  ✓  161 [chromium] › e2e/workbench-permissions-flow.spec.ts:112:3 › workbench App Health write-safety browser flow › keeps read-export workbench readable while write-safety is blocked (1.6s)
  ✓  162 [chromium] › e2e/workbench-permissions-flow.spec.ts:132:3 › workbench App Health write-safety browser flow › blocks full-access open candidate writes without blocking read-side diagnosis (1.6s)
  ✓  163 [chromium] › e2e/workbench-permissions-flow.spec.ts:155:3 › workbench App Health write-safety browser flow › blocks admin paired and recovery writes without hiding readable states (1.8s)
  ✓  164 [chromium] › e2e/workbench-relation-fanout.spec.ts:9:3 › workbench relation browser flow › confirms a relation in workbench and reflects it in bank details (2.9s)
  ✓  165 [chromium] › e2e/workbench-relations-candidate-semantics.spec.ts:6:3 › workbench relation candidate semantics › keeps candidate invoice evidence out of linked-only pending invoice state (1.7s)
  ✓  166 [chromium] › e2e/workbench-relations-candidate-semantics.spec.ts:33:3 › workbench relation candidate semantics › keeps candidate payment relations in partially paid state until explicit confirmation (1.4s)
  ✓  167 [chromium] › e2e/workbench-relations-nonfresh-diagnostics.spec.ts:15:3 › workbench relation non-fresh diagnostics › keeps pending invoice rows inspectable while relation-backed data is refreshing (1.5s)
  ✓  168 [chromium] › e2e/workbench-relations-nonfresh-diagnostics.spec.ts:47:3 › workbench relation non-fresh diagnostics › surfaces stale diagnostics instead of silently treating empty relation-backed rows as true empty (1.5s)
  ✓  169 [chromium] › e2e/workbench-relations-oa-pending-fanout.spec.ts:9:3 › workbench relations OA pending payment browser fan-out › refreshes OA pending payment rows after a workbench relation is confirmed (2.7s)
  ✓  170 [chromium] › e2e/workbench-relations-tax-offset-fanout.spec.ts:8:3 › workbench relations tax offset browser fan-out › refreshes the tax offset read model after a workbench relation is confirmed (2.7s)
  ✓  171 [chromium] › e2e/workbench-stale-error-flow.spec.ts:23:3 › workbench stale and error browser flow › shows workbench stale status without globally disabling selected group actions (1.3s)
  ✓  172 [chromium] › e2e/workbench-stale-error-flow.spec.ts:42:3 › workbench stale and error browser flow › shows workbench refreshing status without globally disabling selected group actions (1.7s)
  ✓  173 [chromium] › e2e/workbench-stale-error-flow.spec.ts:65:3 › workbench stale and error browser flow › does not present stale empty payload as a true empty workbench (1.1s)
  ✓  174 [chromium] › e2e/workbench-stale-error-flow.spec.ts:83:3 › workbench stale and error browser flow › blocks Workbench writes while OA sync is dirty (1.7s)
  ✓  175 [chromium] › e2e/workbench-stale-error-flow.spec.ts:105:3 › workbench stale and error browser flow › blocks Workbench writes while OA sync is refreshing (1.7s)
  ✓  176 [chromium] › e2e/workbench-stale-error-flow.spec.ts:127:3 › workbench stale and error browser flow › surfaces refresh failure while keeping the current active generation inspectable (1.7s)
  ✓  177 [chromium] › e2e/workbench-stale-error-flow.spec.ts:145:3 › workbench stale and error browser flow › keeps rows in place when confirm submit fails in the preview dialog (1.9s)
  ✓  178 [chromium] › e2e/workbench-stale-error-flow.spec.ts:171:3 › workbench stale and error browser flow › keeps committed preview error when the freshness barrier times out (2.3s)
  ✓  179 [chromium] › e2e/workbench-stale-error-flow.spec.ts:198:3 › workbench stale and error browser flow › keeps projected relation committed when the background fresh refetch fails (1.9s)
  ✓  180 [chromium] › e2e/workbench-withdraw-flow.spec.ts:14:3 › workbench withdraw browser flow › withdraws a paired relation only after preview lock, freshness barrier, and fresh refetch (2.7s)

  180 passed (6.8m)
