
> fin-ops-platform-web@0.1.0 test
> vitest --run

(node:2120) [DEP0205] DeprecationWarning: `module.register()` is deprecated. Use `module.registerHooks()` instead.
(Use `node --trace-deprecation ...` to show where the warning was created)

 RUN  v2.1.9 /Users/yu/Desktop/fin-ops-platform/web

(node:2124) ExperimentalWarning: localStorage is not available because --localstorage-file was not provided.
(Use `node --trace-warnings ...` to show where the warning was created)
(node:2126) ExperimentalWarning: localStorage is not available because --localstorage-file was not provided.
(Use `node --trace-warnings ...` to show where the warning was created)
(node:2128) ExperimentalWarning: localStorage is not available because --localstorage-file was not provided.
(Use `node --trace-warnings ...` to show where the warning was created)
stderr | src/test/WorkbenchSelection.test.tsx > Workbench row selection and detail drawer > clicking an open row toggles multi-selection without opening the detail drawer
⚠️ React Router Future Flag Warning: React Router will begin wrapping state updates in `React.startTransition` in v7. You can use the `v7_startTransition` future flag to opt-in early. For more information, see https://reactrouter.com/v6/upgrading/future#v7_starttransition.
⚠️ React Router Future Flag Warning: Relative route resolution within Splat routes is changing in v7. You can use the `v7_relativeSplatPath` future flag to opt-in early. For more information, see https://reactrouter.com/v6/upgrading/future#v7_relativesplatpath.

 ✓ src/test/TurnoverLedgerPage.test.tsx (24 tests) 6908ms
   ✓ Turnover ledger page > confirms a manual zero-difference turnover closure from two selected same-group flow rows 547ms
   ✓ Turnover ledger page > does not report a committed manual closure as failed when post-write freshness sync is blocked 477ms
   ✓ Turnover ledger page > omits closure expected versions when refreshed flow rows do not expose bank row versions 338ms
   ✓ Turnover ledger page > confirms a manual zero-difference turnover closure from three same-group flow rows 344ms
   ✓ Turnover ledger page > refreshes the grouped ledger before manual closure and submits latest bank row versions 415ms
   ✓ Turnover ledger page > blocks manual closure when a selected flow disappears after the fresh ledger reload 404ms
   ✓ Turnover ledger page > blocks manual closure submit when the fresh ledger reload is still stale 405ms
   ✓ Turnover ledger page > confirms closure when cash direction crosses turnover stage columns 353ms
   ✓ Turnover ledger page > blocks cross-group selection and disables drawer confirmation for non-zero difference 347ms
   ✓ Turnover ledger page > allows manual closure confirmation when selected rows are only linked to OA 412ms
   ✓ Turnover ledger page > opens the extra drawer from a flow row, hides technical relation ids, saves, and keeps relation actions in the drawer 637ms
   ✓ Turnover ledger page > reloads on category updates and downloads a previewed export for the current tab 397ms
 ✓ src/test/BankFlowRuleBatchPage.test.tsx (31 tests) 9364ms
   ✓ BankFlowRuleBatchPage > renders tag management and compact main/sub/transaction layout without account search or debug fields 372ms
   ✓ BankFlowRuleBatchPage > uses backend pagination for bank flow rule first-screen batches 1340ms
   ✓ BankFlowRuleBatchPage > hides exception batches while omitting default audit metadata 317ms
   ✓ BankFlowRuleBatchPage > prevents selecting rows from another bank before clearing the current bank region 322ms
   ✓ BankFlowRuleBatchPage > switches to submitted bucket and withdraws a submitted batch 439ms
   ✓ BankFlowRuleBatchPage > shows withdrawn history as read-only 300ms
   ✓ BankFlowRuleBatchPage > shows read model stale state and reloads until the bank flow rule read model is fresh 1062ms
   ✓ BankFlowRuleBatchPage > cleans up stale read model retry reload after route unmount 659ms
   ✓ BankFlowRuleBatchPage > keeps visible transaction rows while stale read model polling runs in the background 1053ms
 ✓ src/test/OaPendingPaymentsPage.test.tsx (18 tests) 9946ms
   ✓ OA pending payments page > keeps bank amount and direction chip in a non-overlapping layout slot 858ms
   ✓ OA pending payments page > shows OA application time under project and renders missing bank transaction as dash only 428ms
   ✓ OA pending payments page > adds sidebar route and renders compact grouped project table from OA perspective 1863ms
   ✓ OA pending payments page > applies column menu filters and sort params from table headers 1715ms
   ✓ OA pending payments page > switches to in-progress OA view and links bank payment with automatic writeback 874ms
   ✓ OA pending payments page > paginates bank candidate drawer and keeps filter context 641ms
   ✓ OA pending payments page > allows paid writeback retry after a failed attempt 316ms
   ✓ OA pending payments page > waits for the OA pending payment barrier before reloading after bank link 614ms
   ✓ OA pending payments page > opens OA, bank, relation drawers and reuses pending invoice rules endpoint 1429ms
   ✓ OA pending payments page > keeps pending invoice rules drawer stable during parent query refresh 348ms
stderr | src/test/CandidateGroupGrid.test.tsx > Workbench candidate grouping layout > shows zone titles with total item counts instead of group counts
⚠️ React Router Future Flag Warning: React Router will begin wrapping state updates in `React.startTransition` in v7. You can use the `v7_startTransition` future flag to opt-in early. For more information, see https://reactrouter.com/v6/upgrading/future#v7_starttransition.
⚠️ React Router Future Flag Warning: Relative route resolution within Splat routes is changing in v7. You can use the `v7_relativeSplatPath` future flag to opt-in early. For more information, see https://reactrouter.com/v6/upgrading/future#v7_relativesplatpath.

(node:2382) ExperimentalWarning: localStorage is not available because --localstorage-file was not provided.
(Use `node --trace-warnings ...` to show where the warning was created)
 ✓ src/test/PendingInvoicesPage.test.tsx (23 tests) 14338ms
   ✓ Pending invoices page > keeps object detail drawer titles fixed and hides internal fields 1649ms
   ✓ Pending invoices page > renders project four-zone table contract and summarizes multiple relations 440ms
   ✓ Pending invoices page > supports multi-select invoice acquisition status filters for expense rows 894ms
   ✓ Pending invoices page > applies header dropdown filters as AND field clauses 1010ms
   ✓ Pending invoices page > shows income rule-group filters and requests selected income scopes 686ms
   ✓ Pending invoices page > opens relation, rules, and export drawers with loading callbacks 1711ms
   ✓ Pending invoices page > keeps pending invoice rule draft and shows conflict feedback on stale version 518ms
   ✓ Pending invoices page > renders hierarchical pending invoice rule blocks with mutual exclusion 375ms
   ✓ Pending invoices page > refreshes open rules drawer when bank detail auto tags update 362ms
   ✓ Pending invoices page > preserves unsaved rule selections when refreshing renamed bank detail tags 653ms
   ✓ Pending invoices page > refetches rows after saving rules and displays refreshed rule filter buckets 1232ms
   ✓ Pending invoices page > opens invoice picker from the selected-row toolbar, previews attach-existing, confirms, and refetches rows 994ms
   ✓ Pending invoices page > shows preview conflicts and keeps confirm disabled when attach-existing cannot be confirmed 556ms
   ✓ Pending invoices page > selects multiple expense rows and multiple invoices from the existing invoice drawer 626ms
   ✓ Pending invoices page > selects income rows and batch marks invoice status from the toolbar 707ms
   ✓ Pending invoices page > refetches rows when bank detail tag settings update 344ms
   ✓ Pending invoices page > keeps row status actions available while the list read model is refreshing 396ms
   ✓ Pending invoices page > refetches rows on focus as bank detail tag update fallback 313ms
 ✓ src/test/CandidateGroupGrid.test.tsx (27 tests) 4696ms
   ✓ Workbench candidate grouping layout > shows zone titles with total item counts instead of group counts 335ms
   ✓ Workbench candidate grouping layout > renders OA 2035 source OA and formal attachment invoices in the same horizontal group row 370ms
   ✓ Workbench candidate grouping layout > toggles bank and invoice group sorting in open and paired zones 735ms
 ✓ src/test/OutputInvoiceCollectionsPage.test.tsx (11 tests) 8847ms
   ✓ Output invoice collections page > shows a refreshing state instead of a true empty state while read model details stay hidden 390ms
   ✓ Output invoice collections page > adds sidebar route and renders grouped project table layout with real export entry 3782ms
   ✓ Output invoice collections page > shows invoice aggregate with +N entry point for multi output invoice relations 652ms
   ✓ Output invoice collections page > opens the three right-side workflow drawers without reloading the main rows 726ms
   ✓ Output invoice collections page > closes lifecycle actions from drawers and exposes receipt settings only to admins 2172ms
   ✓ Output invoice collections page > waits for output invoice collection barrier before reloading after red relation confirm 525ms
   ✓ Output invoice collections page > waits for output invoice collection barrier target returned by receipt creation 316ms
 ✓ src/test/InputInvoiceUsageFiltersAndDrawers.test.tsx (21 tests) 2558ms
   ✓ InputInvoiceUsageFilterMenu > supports API-provided multi-select options, select all, clear, and both sort directions 313ms
   ✓ Input invoice usage workflow drawers > OA reverse drawer marks linked OA invoices as disabled and filters by OA relation status 311ms
 ✓ src/test/PendingInvoicesApi.test.ts (10 tests) 61ms
 ✓ src/test/EtcApi.test.ts (18 tests) 82ms
 ✓ src/test/TaxOffsetPage.test.tsx (20 tests) 9641ms
   ✓ Tax offset workbench > clears the initial loading state when the active tax month request is aborted 520ms
   ✓ Tax offset workbench > renders read-only output invoices, editable input plan, and certified drawer 671ms
   ✓ Tax offset workbench > remounts the tax offset page and revalidates without restoring data snapshots 481ms
   ✓ Tax offset workbench > previews and confirms certified invoice import inside the page modal, then refreshes plan and summary 755ms
   ✓ Tax offset workbench > certified invoice import accepts dragged files in the upload area 351ms
   ✓ Tax offset workbench > certified invoice import dropzone rejects non-excel files with an immediate message 328ms
   ✓ Tax offset workbench > recalculates using certified invoices plus selected uncertified plan rows 411ms
   ✓ Tax offset workbench > saves the current tax offset plan with read model versions 578ms
   ✓ Tax offset workbench > waits for tax offset barrier before reloading after plan save 692ms
   ✓ Tax offset workbench > supports select all and clear actions for the input plan table 463ms
   ✓ Tax offset workbench > supports inline search, time sorting, and counterparty filters in both tax invoice tables 1126ms
   ✓ Tax offset workbench > clicking a matched certified row highlights the corresponding input plan row 806ms
   ✓ Tax offset workbench > shows an empty state when the selected month has no tax invoices 559ms
   ✓ Tax offset workbench > refreshes summary, plan locks, and drawer rows when the page regains focus 471ms
   ✓ Tax offset workbench > keeps certified import modal processing while queued import job completes 767ms
 ✓ src/test/WorkbenchApi.test.ts (23 tests) 82ms
 ✓ src/test/InputInvoiceUsagePage.test.tsx (13 tests) 3844ms
   ✓ Input invoice usage page > shows refreshing diagnostics instead of a true empty state while read model details stay hidden 375ms
   ✓ Input invoice usage page > adds sidebar route and renders the project dense table contract 1485ms
   ✓ Input invoice usage page > clears persisted keyword search and reloads all input invoice usage rows 433ms
   ✓ Input invoice usage page > shows relation totals with +N entry points for multi OA, bank, and invoice relations 457ms
 ✓ src/test/BankDetailsPage.test.tsx (40 tests) 22927ms
   ✓ Bank details page > loads all accounts by default and its transactions 340ms
   ✓ Bank details page > renders accounts as a list and transactions in the bank transaction table 346ms
   ✓ Bank details page > shows counterpart transaction details when hovering internal transfer tag 748ms
   ✓ Bank details page > shows category hierarchy in the compact grouped tag filter panel 742ms
   ✓ Bank details page > opens the fixed category filter icon by click only and keeps it open on pointer leave 432ms
   ✓ Bank details page > keeps category menu counts based on the unfiltered snapshot after selecting uncategorized 343ms
   ✓ Bank details page > filters code-only system tags by category code without derived label constraints 309ms
   ✓ Bank details page > saving automatic tag rules refreshes bank details 1576ms
   ✓ Bank details page > does not report saved automatic tag rules as failed when post-save freshness sync is blocked 707ms
   ✓ Bank details page > reapplying automatic tag rules refreshes bank details without saving changes 766ms
   ✓ Bank details page > retains the last fresh rows while read-model refresh details stay hidden 907ms
   ✓ Bank details page > unmounts bank detail retry timers while away and refetches after route remount 547ms
   ✓ Bank details page > does not replace a fresh total balance with a stale post-rule-save account payload 1012ms
   ✓ Bank details page > uncategorized unmatched rows display manual classification choices from active auto tag rules 1193ms
   ✓ Bank details page > manual classification choices update after automatic tag rules are saved 1806ms
   ✓ Bank details page > needs-confirmation rows group only matched candidates by primary tag 1202ms
   ✓ Bank details page > external turnover confirmation submits the selected third-level label 1042ms
   ✓ Bank details page > external turnover manual classification chooses primary, sub tag, then third-level label 990ms
   ✓ Bank details page > switches accounts without dirty-category prompts 311ms
   ✓ Bank details page > selecting account and filters request accounts and transactions with the same date range 653ms
   ✓ Bank details page > shows server total and requests the second page with the default page size 569ms
   ✓ Bank details page > searches current account and date range on the server before pagination 967ms
   ✓ Bank details page > exports all banks or the selected account with the current filters 1285ms
   ✓ Bank details page > refetches bank detail data on focus when bank tag version fallback detects a missed update 301ms
   ✓ Bank details page > saving auto tag rules refreshes transactions without refetching account balances 694ms
   ✓ Bank details page > ignores aborted bank detail requests 1162ms
 ✓ src/test/TurnoverLedgerApi.test.ts (11 tests) 61ms
stderr | src/test/CostStatisticsPage.test.tsx > Cost statistics page > defaults to time view and loads month-aware transaction rows
⚠️ React Router Future Flag Warning: React Router will begin wrapping state updates in `React.startTransition` in v7. You can use the `v7_startTransition` future flag to opt-in early. For more information, see https://reactrouter.com/v6/upgrading/future#v7_starttransition.
⚠️ React Router Future Flag Warning: Relative route resolution within Splat routes is changing in v7. You can use the `v7_relativeSplatPath` future flag to opt-in early. For more information, see https://reactrouter.com/v6/upgrading/future#v7_relativesplatpath.

 ✓ src/test/BatchAccountingPage.test.tsx (21 tests) 5714ms
   ✓ BatchAccountingPage > renders controls, bank list, and selectable OA table for unsubmitted rows 315ms
   ✓ BatchAccountingPage > uses backend pagination for bank and OA first screens 1752ms
   ✓ BatchAccountingPage > submits mismatched OA rows only when difference note is non-empty after trimming 433ms
   ✓ BatchAccountingPage > clears difference note when switching bank rows 303ms
   ✓ BatchAccountingPage > clears difference note when switching submitted and unsubmitted buckets 431ms
   ✓ BatchAccountingPage > clears difference note when OA selection changes 343ms
   ✓ BatchAccountingPage > filters right side OA rows across applicant, project, amount, and reason 412ms
   ✓ BatchAccountingPage > renders submitted bucket as read-only associated OA and withdraws with a reason 402ms
(node:2429) ExperimentalWarning: localStorage is not available because --localstorage-file was not provided.
(Use `node --trace-warnings ...` to show where the warning was created)
(node:2125) ExperimentalWarning: localStorage is not available because --localstorage-file was not provided.
(Use `node --trace-warnings ...` to show where the warning was created)
stderr | src/test/WorkbenchColumns.test.tsx > Workbench columns and inline actions > renders requirement-aligned column headers for OA, bank, and invoice panes
⚠️ React Router Future Flag Warning: React Router will begin wrapping state updates in `React.startTransition` in v7. You can use the `v7_startTransition` future flag to opt-in early. For more information, see https://reactrouter.com/v6/upgrading/future#v7_starttransition.
⚠️ React Router Future Flag Warning: Relative route resolution within Splat routes is changing in v7. You can use the `v7_relativeSplatPath` future flag to opt-in early. For more information, see https://reactrouter.com/v6/upgrading/future#v7_relativesplatpath.

 ✓ src/test/SettingsPage.test.tsx (12 tests) 3741ms
   ✓ Settings page > renders as a tree-and-panel page without an extra page header title 795ms
   ✓ Settings page > lets admin maintain OA applicant credentials through dedicated endpoints 749ms
   ✓ Settings page > keeps data reset behind impact confirmation, OA password review, and job progress 633ms
   ✓ Settings page > manages pending invoice tag mappings with read-only automatic tag dictionary 395ms
   ✓ Settings page > keeps invalid historical pending invoice mappings visible and blocks save until removed 324ms
 ✓ src/test/BankFlowRuleBatchApi.test.ts (11 tests) 63ms
 ✓ src/test/WorkbenchColumns.test.tsx (25 tests) 5517ms
   ✓ Workbench columns and inline actions > renders requirement-aligned column headers for OA, bank, and invoice panes 624ms
   ✓ Workbench columns and inline actions > renders OA applicant column with compact width styling 492ms
   ✓ Workbench columns and inline actions > renders pane column headers in saved layout order from settings 301ms
   ✓ Workbench columns and inline actions > renders OA applicant column with an approval time tag on the second line 343ms
   ✓ Workbench columns and inline actions > renders OA project metadata row with both application type and OA-bank relation status 377ms
   ✓ Workbench columns and inline actions > renders inline detail actions while keeping default row actions in the action column 410ms
   ✓ Workbench columns and inline actions > renders compact two-line datetime tags in bank rows 410ms
   ✓ Workbench columns and inline actions > renders bank invoice relation status on the same metadata row as the two-line datetime tag 351ms
   ✓ Workbench columns and inline actions > renders a bank direction tag on the second line under the amount instead of a dedicated direction column 320ms
   ✓ Workbench columns and inline actions > renders invoice number and issue date tag without the issue date filter menu 331ms
   ✓ Workbench columns and inline actions > renders invoice merged amount summary without adding filter menus to it 371ms
   ✓ Workbench columns and inline actions > renders open zone batch action buttons in the zone header instead of row inline workflow buttons 366ms
 ✓ src/test/CostStatisticsPage.test.tsx (21 tests) 6388ms
   ✓ Cost statistics page > defaults to time view and loads month-aware transaction rows 548ms
   ✓ Cost statistics page > project view drills down from project to expense type to transaction from left to right 474ms
   ✓ Cost statistics page > project view keeps split cost rows with the same transaction id renderable 383ms
   ✓ Cost statistics page > project view supports all time, year, and month scopes from one range button 448ms
   ✓ Cost statistics page > bank tag view drills down from primary tag to sub tag to transaction 322ms
   ✓ Cost statistics page > shows empty state when the selected month has no cost statistics 414ms
   ✓ Cost statistics page > bank view supports all-time, year, and month drilldown from bank to project to transaction 553ms
   ✓ Cost statistics page > time and expense type scopes stay independent with one range control per view 605ms
   ✓ Cost statistics page > scope picker closes when clicking the active button again or clicking outside 349ms
   ✓ Cost statistics page > opens export center in time view with exact date range and shows export feedback inside the modal 573ms
 ✓ src/test/BankDetailsApi.test.ts (16 tests) 62ms
 ✓ src/test/WorkbenchZone.test.tsx (14 tests) 1441ms
   ✓ WorkbenchZone > keeps selection toolbar actions and counts in the zone header 398ms
 ✓ src/test/AutoTagRulesDrawer.test.tsx (14 tests) 5157ms
   ✓ AutoTagRulesDrawer > loads active rules as a wide table with fixed system priority first 647ms
   ✓ AutoTagRulesDrawer > opens a confirmation dialog before archiving an active rule 447ms
   ✓ AutoTagRulesDrawer > manages match fields with select all and clear actions without showing all text as an option 782ms
   ✓ AutoTagRulesDrawer > edits labels and multiline condition cells in the table 917ms
   ✓ AutoTagRulesDrawer > discards unsaved draft rules instead of submitting them as archived rules 607ms
   ✓ AutoTagRulesDrawer > saves edited and newly created rules 611ms
stderr | src/test/WorkbenchPaneFilter.test.ts > Workbench pane display model > searches while typing and only clears pane-local search from the inner clear action
⚠️ React Router Future Flag Warning: React Router will begin wrapping state updates in `React.startTransition` in v7. You can use the `v7_startTransition` future flag to opt-in early. For more information, see https://reactrouter.com/v6/upgrading/future#v7_starttransition.
⚠️ React Router Future Flag Warning: Relative route resolution within Splat routes is changing in v7. You can use the `v7_relativeSplatPath` future flag to opt-in early. For more information, see https://reactrouter.com/v6/upgrading/future#v7_relativesplatpath.

 ✓ src/test/AppHealthStatusContext.test.tsx (11 tests) 151ms
 ✓ src/test/WorkbenchExceptionModal.test.tsx (6 tests) 1844ms
   ✓ WorkbenchExceptionModal > loads preview on open and renders amount summary, evidence, warnings, actions, and required fields 327ms
   ✓ WorkbenchExceptionModal > submits manual OA exemption payload and clears the page session draft after success 687ms
   ✓ WorkbenchExceptionModal > releases submit state and shows a recoverable error when apply takes too long 673ms
(node:2496) ExperimentalWarning: localStorage is not available because --localstorage-file was not provided.
(Use `node --trace-warnings ...` to show where the warning was created)
(node:2499) ExperimentalWarning: localStorage is not available because --localstorage-file was not provided.
(Use `node --trace-warnings ...` to show where the warning was created)
 ✓ src/test/ImportCenterPage.test.tsx (20 tests) 11625ms
   ✓ Import pages > bank transaction import uses the standalone route and sends bank mapping overrides 1867ms
   ✓ Import pages > bank transaction import displays preview audit counts and confirm copy 1224ms
   ✓ Import pages > invoice import uses the standalone route and sends per-file directions 1005ms
   ✓ Import pages > invoice import displays preview audit counts and review copy 831ms
   ✓ Import pages > file import confirm maps preview_stale to the refresh preview message 680ms
   ✓ Import pages > invoice import keeps selected files and preview when navigating away and back 699ms
   ✓ Import pages > invoice import restores preview from sessionStorage after remount 411ms
   ✓ Import pages > invoice import clears persisted preview when files are cleared 416ms
   ✓ Import pages > invoice import keeps preview result when navigating away before preview finishes 759ms
   ✓ Import pages > ETC invoice import rejects non-zip files on the standalone route 427ms
   ✓ Import pages > ETC invoice import previews zip files with the ETC API and skips generic preview 373ms
   ✓ Import pages > ETC invoice import displays preview audit counts and confirm copy 302ms
   ✓ Import pages > ETC invoice import preview lists missing reconciliation task items 368ms
   ✓ Import pages > ETC import confirm maps preview_stale to the refresh preview message 607ms
   ✓ Import pages > ETC import stale task preview error clears preview and requires re-preview 483ms
   ✓ Import pages > ETC invoice import confirms the preview session and shows background job feedback 538ms
   ✓ Import pages > ETC invoice import clears in-flight preview state after route unmount 402ms
 ✓ src/test/AppHealthOperationsPage.test.tsx (5 tests) 2304ms
   ✓ AppHealthOperationsPage > renders the read-only operations dashboard 1367ms
   ✓ AppHealthOperationsPage > keeps the current dashboard visible when refresh fails 587ms
 ✓ src/test/ImportsApi.test.ts (6 tests) 38ms
stderr | src/test/SettingsOaManualSearchImportTable.test.tsx > OaManualSearchImportTable > keeps staged OA import progress out of the global shell status mark
⚠️ React Router Future Flag Warning: React Router will begin wrapping state updates in `React.startTransition` in v7. You can use the `v7_startTransition` future flag to opt-in early. For more information, see https://reactrouter.com/v6/upgrading/future#v7_starttransition.
⚠️ React Router Future Flag Warning: Relative route resolution within Splat routes is changing in v7. You can use the `v7_relativeSplatPath` future flag to opt-in early. For more information, see https://reactrouter.com/v6/upgrading/future#v7_relativesplatpath.

 ✓ src/test/SettingsOaManualSearchImportTable.test.tsx (5 tests) 1315ms
   ✓ OaManualSearchImportTable > searches OA rows with native table semantics and no DataGrid surface 528ms
   ✓ OaManualSearchImportTable > selects importable rows, expands details, refreshes attachments, imports, and clears selection 389ms
 ✓ src/test/WorkbenchPaneFilter.test.ts (11 tests) 6310ms
   ✓ Workbench pane display model > searches while typing and only clears pane-local search from the inner clear action 1723ms
   ✓ Workbench pane display model > supports multi-select column filtering with select-all and clear actions 880ms
   ✓ Workbench pane display model > applies pane search and column filters locally while the server page refresh is pending 3695ms
 ✓ src/test/CommonPlatformComponents.test.tsx (14 tests) 458ms
(node:2508) ExperimentalWarning: localStorage is not available because --localstorage-file was not provided.
(Use `node --trace-warnings ...` to show where the warning was created)
 ✓ src/test/PendingInvoicesRulesSaveTimeout.test.tsx (1 test) 1278ms
   ✓ pending invoice rule save timeout > keeps expense and income rule saves successful when read model freshness wait times out 1277ms
 ✓ src/test/PageSessionStateContext.test.tsx (10 tests) 311ms
(node:2511) ExperimentalWarning: localStorage is not available because --localstorage-file was not provided.
(Use `node --trace-warnings ...` to show where the warning was created)
 ✓ src/test/AppStatusIndicator.test.tsx (2 tests) 712ms
   ✓ global app status indicator > renders app_status from the global runtime plane and keeps popover stable across route changes 504ms
 ✓ src/test/groupDisplayModel.test.ts (5 tests) 8ms
stderr | src/test/AppSidebar.test.tsx > AppSidebar shell contract > does not render the OA embedded layout explanation card
⚠️ React Router Future Flag Warning: React Router will begin wrapping state updates in `React.startTransition` in v7. You can use the `v7_startTransition` future flag to opt-in early. For more information, see https://reactrouter.com/v6/upgrading/future#v7_starttransition.
⚠️ React Router Future Flag Warning: Relative route resolution within Splat routes is changing in v7. You can use the `v7_relativeSplatPath` future flag to opt-in early. For more information, see https://reactrouter.com/v6/upgrading/future#v7_relativesplatpath.

 ✓ src/test/AppSidebar.test.tsx (8 tests) 506ms
stderr | src/test/PageRouteHost.test.tsx > PageRouteHost > unmounts the previous page and mounts the next route immediately
⚠️ React Router Future Flag Warning: React Router will begin wrapping state updates in `React.startTransition` in v7. You can use the `v7_startTransition` future flag to opt-in early. For more information, see https://reactrouter.com/v6/upgrading/future#v7_starttransition.
⚠️ React Router Future Flag Warning: Relative route resolution within Splat routes is changing in v7. You can use the `v7_relativeSplatPath` future flag to opt-in early. For more information, see https://reactrouter.com/v6/upgrading/future#v7_relativesplatpath.

 ✓ src/test/PageRouteHost.test.tsx (7 tests) 290ms
 ✓ src/test/App.test.tsx (14 tests) 6690ms
   ✓ Finance operations shell > loads the workbench as an all-time view and keeps the month picker scoped to tax offset 2043ms
   ✓ Finance operations shell > keeps the shell sidebar controls stable on cost statistics 422ms
   ✓ Finance operations shell > opens the compact sidebar from the top bar and preserves navigation entries 348ms
   ✓ Finance operations shell > renders the turnover ledger route from the shell sidebar 375ms
   ✓ Finance operations shell > refreshes the workbench when turnover relations change 500ms
   ✓ Finance operations shell > hides the global workbench title block while a zone is expanded 937ms
   ✓ Finance operations shell > keeps the sidebar brand available inside the OA iframe 632ms
   ✓ Finance operations shell > navigates to the standalone settings page from the shell sidebar 587ms
   ✓ Finance operations shell > navigates to the standalone bank transaction import page from the shell sidebar 420ms
 ✓ src/test/CostStatisticsApi.test.ts (6 tests) 39ms
 ✓ src/test/AppStatusApi.test.ts (6 tests) 12ms
 ✓ src/test/apiClient.test.ts (7 tests) 146ms
 ✓ src/test/AppHealthBroadcast.test.tsx (3 tests) 73ms
 ✓ src/test/AppHealthResolver.test.ts (11 tests) 20ms
 ✓ src/test/useFinanceTableSession.test.tsx (4 tests) 289ms
 ✓ src/test/OperationBarrierApi.test.ts (3 tests) 26ms
 ✓ src/test/MonthPicker.test.tsx (6 tests) 340ms
 ✓ src/test/WorkbenchApiRuntimePath.test.ts (3 tests) 86ms
(node:2544) ExperimentalWarning: localStorage is not available because --localstorage-file was not provided.
(Use `node --trace-warnings ...` to show where the warning was created)
stderr | src/test/WorkbenchColumnLayout.test.tsx > Workbench column layout > renders drag handles for pane column headers
⚠️ React Router Future Flag Warning: React Router will begin wrapping state updates in `React.startTransition` in v7. You can use the `v7_startTransition` future flag to opt-in early. For more information, see https://reactrouter.com/v6/upgrading/future#v7_starttransition.
⚠️ React Router Future Flag Warning: Relative route resolution within Splat routes is changing in v7. You can use the `v7_relativeSplatPath` future flag to opt-in early. For more information, see https://reactrouter.com/v6/upgrading/future#v7_relativesplatpath.

 ✓ src/test/BackgroundJobProgress.test.tsx (7 tests) 1001ms
   ✓ global background job page header > renders a retry action for retryable cost warmup attention jobs 300ms
 ✓ src/test/GlobalOperationOverlayContext.test.tsx (3 tests) 265ms
 ✓ src/test/ProcessedExceptionsModal.test.tsx (1 test) 236ms
 ✓ src/test/WorkbenchColumnLayout.test.tsx (5 tests) 1356ms
   ✓ Workbench column layout > renders drag handles for pane column headers 714ms
   ✓ Workbench column layout > restores a saved pane layout on the next render 633ms
 ✓ src/test/domainEvents.test.ts (4 tests) 18ms
 ✓ src/test/TableAlignmentStyles.test.ts (4 tests) 31ms
(node:2563) ExperimentalWarning: localStorage is not available because --localstorage-file was not provided.
(Use `node --trace-warnings ...` to show where the warning was created)
stderr | src/test/useActiveFinanceDomainEvent.test.tsx > useActiveFinanceDomainEvent > handles events while mounted and does not replay events after route unmount
⚠️ React Router Future Flag Warning: React Router will begin wrapping state updates in `React.startTransition` in v7. You can use the `v7_startTransition` future flag to opt-in early. For more information, see https://reactrouter.com/v6/upgrading/future#v7_starttransition.
⚠️ React Router Future Flag Warning: Relative route resolution within Splat routes is changing in v7. You can use the `v7_relativeSplatPath` future flag to opt-in early. For more information, see https://reactrouter.com/v6/upgrading/future#v7_relativesplatpath.

 ✓ src/test/useActiveFinanceDomainEvent.test.tsx (1 test) 214ms
 ✓ src/test/SessionGate.test.tsx (4 tests) 499ms
   ✓ OA session gate > bootstraps the OA session before rendering business pages 305ms
 ✓ src/test/BankFlowRuleBatchPolicy.test.ts (10 tests) 6ms
 ✓ src/test/DesignTokens.test.ts (5 tests) 16ms
 ✓ src/test/DetailDrawer.test.tsx (1 test) 222ms
 ✓ src/test/WorkbenchSelectionModel.test.ts (2 tests) 35ms
 ✓ src/test/SessionApi.test.ts (3 tests) 29ms
 ✓ src/test/MuiContainment.test.ts (3 tests) 42ms
 ✓ src/test/BatchAccountingApi.test.ts (2 tests) 33ms
 ✓ src/test/TaxApi.test.ts (2 tests) 5ms
 ✓ src/test/WorkbenchSelectionHook.test.tsx (1 test) 183ms
 ✓ src/test/FinanceTable.test.tsx (3 tests) 282ms
 ✓ src/test/TableLayoutTokens.test.ts (3 tests) 9ms
 ✓ src/test/EtcOaNavigation.test.ts (1 test) 5ms
 ✓ src/test/HeroUIPlatformSmoke.test.tsx (1 test) 95ms
 ✓ src/test/EtcTicketManagementPage.test.tsx (79 tests) 53581ms
   ✓ ETC ticket management page > refreshes batch list when ETC import background job completes 701ms
   ✓ ETC ticket management page > unsubmitted mode shows batch list and whole-batch OA submit action 628ms
   ✓ ETC ticket management page > recovers business batches after a transient list failure when refreshed 647ms
   ✓ ETC ticket management page > filters business batches, switches submitted tab, and keeps task-only actions out of submitted mode 4001ms
   ✓ ETC ticket management page > business batch tab counts come from all batches without a month selector 589ms
   ✓ ETC ticket management page > renames an unsubmitted business batch inline and refreshes the linked import task title 1028ms
   ✓ ETC ticket management page > surfaces new business batch errors and keeps the current batch list 594ms
   ✓ ETC ticket management page > deletes an unsubmitted ETC batch through confirmation and refreshes the list 871ms
   ✓ ETC ticket management page > keeps the delete dialog and batch row when business batch deletion fails 848ms
   ✓ ETC ticket management page > can retry business batch deletion after a transient failure 1153ms
   ✓ ETC ticket management page > allows business batch deletion when the latest batch only has an unsubmitted OA draft link 608ms
   ✓ ETC ticket management page > deletes a legacy submission batch row through the linked business batch 580ms
   ✓ ETC ticket management page > treats an already-deleted business batch as a successful delete and refreshes stale rows 617ms
   ✓ ETC ticket management page > treats coded business-batch not-found responses as idempotent stale-row cleanup 635ms
   ✓ ETC ticket management page > deletes the selected mutable reconciliation task with expected version from the workflow 611ms
   ✓ ETC ticket management page > keeps the task delete dialog and row when reconciliation task deletion fails 740ms
   ✓ ETC ticket management page > closes the task delete dialog after delete succeeds even when the follow-up task refresh hangs 668ms
   ✓ ETC ticket management page > deletes an imported reconciliation task with the latest task version and removes it from the list 723ms
   ✓ ETC ticket management page > allows physical task deletion after an unsubmitted OA draft link exists 544ms
   ✓ ETC ticket management page > allows physical task deletion when only the external ETC OA batch link exists 663ms
   ✓ ETC ticket management page > allows reconciliation task deletion when its linked business batch only has an unsubmitted OA draft 617ms
   ✓ ETC ticket management page > manually confirms a draft-created business batch as submitted without refresh entry 555ms
   ✓ ETC ticket management page > keeps a task-scoped business batch visible after manual OA submission and submitted-tab reload 537ms
   ✓ ETC ticket management page > manually confirms a draft-created business batch as not submitted 315ms
   ✓ ETC ticket management page > surfaces manual OA status errors and keeps the confirmation actions available 324ms
   ✓ ETC ticket management page > can retry manual OA status confirmation after a transient failure 472ms
   ✓ ETC ticket management page > shows the reconciliation workspace with upload blocks, statuses, supplements, and parse issues 896ms
   ✓ ETC ticket management page > renders the batch-level file drop upload boxes in the ticket-root import area 398ms
   ✓ ETC ticket management page > uploads a credit-card statement through the selected task and refreshes the workspace 638ms
   ✓ ETC ticket management page > surfaces credit-card statement upload errors and keeps the existing task version 581ms
   ✓ ETC ticket management page > uploads a supplement from an unmatched card row with a delta note 2353ms
   ✓ ETC ticket management page > keeps the supplement upload dialog open when supplement upload fails 1091ms
   ✓ ETC ticket management page > uploads ticket-root TXT files through the ticket-root files endpoint 873ms
   ✓ ETC ticket management page > uploads ticket-root TXT files by dropping them on the upload box 587ms
   ✓ ETC ticket management page > surfaces ticket-root upload wrong-slot errors from the backend 612ms
   ✓ ETC ticket management page > can retry ticket-root TXT upload after a transient failure 821ms
   ✓ ETC ticket management page > shows source file context, deletes a mutable source file, and fresh tasks do not inherit old issues 1687ms
   ✓ ETC ticket management page > blocks source file deletion when the latest task no longer contains that file 789ms
   ✓ ETC ticket management page > can retry source file deletion after a transient failure 1015ms
   ✓ ETC ticket management page > removes legacy ticket-root mode controls and keeps only TXT ticket-root upload 528ms
   ✓ ETC ticket management page > auto-selects TXT mode for text ticket-root files and shows each source summary 705ms
   ✓ ETC ticket management page > shows legacy manual ticket-root source summaries only in the uploaded source list 591ms
   ✓ ETC ticket management page > disables ticket-root TXT upload when a legacy PDF ticket-root source exists 428ms
   ✓ ETC ticket management page > renders paired reconciliation table without row status chips or station wording 506ms
   ✓ ETC ticket management page > keeps long reconciliation descriptions to one line until expanded 542ms
   ✓ ETC ticket management page > selects reconciliation rows locally with all, paired-only, and clear actions 995ms
   ✓ ETC ticket management page > updates confirmation metrics from the checked paired rows 538ms
   ✓ ETC ticket management page > submits the checked card item ids when confirming reconciliation and blocks empty selection 752ms
   ✓ ETC ticket management page > surfaces reconciliation confirmation errors and keeps the current task state 782ms
   ✓ ETC ticket management page > surfaces reopen errors and keeps a ready task ready for retry 491ms
   ✓ ETC ticket management page > reopens a ready reconciliation task and returns it to reviewing 544ms
   ✓ ETC ticket management page > shows imported task invoices under the reconciliation task and collapses both task blocks 1281ms
   ✓ ETC ticket management page > keeps imported invoice removal dialog open when removal fails 922ms
   ✓ ETC ticket management page > creates OA draft from the selected imported reconciliation task batch 594ms
   ✓ ETC ticket management page > deletes an imported reconciliation task through confirmation 632ms
   ✓ ETC ticket management page > refreshes reconciliation matches from the task API and rerenders explicit links 681ms
   ✓ ETC ticket management page > surfaces refresh-match errors without replacing the current reconciliation rows 777ms
   ✓ ETC ticket management page > manual reconciliation accepts a suggested ticket instead of directly marking an item included 1038ms
   ✓ ETC ticket management page > keeps manual reconciliation actions disabled until required selections exist and validates notes 1405ms
   ✓ ETC ticket management page > submitted business batches use local reset deletion instead of the legacy internal revoke action 703ms
   ✓ ETC ticket management page > renders batch invoice details with a native table instead of DataGrid 634ms
   ✓ ETC ticket management page > removes basket wording and old partial-selection actions 353ms
   ✓ ETC ticket management page > creates OA draft through the selected business batch and waits for manual confirmation 795ms
   ✓ ETC ticket management page > keeps the create OA draft dialog open when draft creation fails 323ms
   ✓ ETC ticket management page > can retry OA draft creation after a transient failure 566ms
 ✓ src/test/WorkbenchSelection.test.tsx (59 tests) 52950ms
   ✓ Workbench row selection and detail drawer > clicking an open row toggles multi-selection without opening the detail drawer 808ms
   ✓ Workbench row selection and detail drawer > bank pane time filter supports month selection and clears on second click 902ms
   ✓ Workbench row selection and detail drawer > clicking detail opens the drawer and highlights rows with the same case id 507ms
   ✓ Workbench row selection and detail drawer > detail drawer opens before the row detail request resolves 508ms
   ✓ Workbench row selection and detail drawer > OA applicant column keeps the detail icon on the first line and time chip on the second line 464ms
   ✓ Workbench row selection and detail drawer > drawer can be closed after opening from row action 589ms
   ✓ Workbench row selection and detail drawer > drawer supports closing with escape 403ms
   ✓ Workbench row selection and detail drawer > OA attachment invoice detail shows source expense item and attachment fields 570ms
   ✓ Workbench row selection and detail drawer > open zone header confirm link opens preview before submit 1084ms
   ✓ Workbench row selection and detail drawer > amount mismatch preview requires note before confirm submit 1015ms
   ✓ Workbench row selection and detail drawer > confirm preview respects matched backend status for mixed bank directions 646ms
   ✓ Workbench row selection and detail drawer > confirm preview for an already linked selection submits withdraw instead of confirm 831ms
   ✓ Workbench row selection and detail drawer > open zone header confirm link uses the whole selected group from one clicked row 646ms
   ✓ Workbench row selection and detail drawer > open zone header confirm link includes source OA context for bank plus attachment invoice selection 942ms
   ✓ Workbench row selection and detail drawer > open selection summary and confirm preview keep explicitly selected rows hidden by pane time filters 884ms
   ✓ Workbench row selection and detail drawer > open selection summary and confirm preview include OA attachment invoice context 700ms
   ✓ Workbench row selection and detail drawer > paired selection stays withdrawable after pane filters hide the explicitly selected row 798ms
   ✓ Workbench row selection and detail drawer > open zone exception action accepts invoice selections and uses the unified exception modal 878ms
   ✓ Workbench row selection and detail drawer > open zone exception action accepts OA 2035 attachment payment receipt selections from the backend group 535ms
   ✓ Workbench row selection and detail drawer > workbench action uses operation-scoped freshness targets and backend projection 2341ms
   ✓ Workbench row selection and detail drawer > workbench action never waits on global relation scope when action response lacks precise targets 1150ms
   ✓ Workbench row selection and detail drawer > confirm link does not expose row movement while the submit is still in progress 986ms
   ✓ Workbench row selection and detail drawer > confirm link applies operation projection even when the main workbench generation is still refreshing 1042ms
   ✓ Workbench row selection and detail drawer > initial workbench rows render before slow ignored and settings requests finish 398ms
   ✓ Workbench row selection and detail drawer > withdraw link finishes only after the fresh refetch moves the group back to open 1669ms
   ✓ Workbench row selection and detail drawer > open zone withdraw opens a preview for one selected group 483ms
   ✓ Workbench row selection and detail drawer > open zone withdraw blocks multi-group selection with a prompt 414ms
   ✓ Workbench row selection and detail drawer > pane search filters only the active pane while keeping aligned rows visible 2086ms
   ✓ Workbench row selection and detail drawer > open zone header actions use the selected group context 537ms
   ✓ Workbench row selection and detail drawer > workbench stale refresh does not globally disable selected group actions 878ms
   ✓ Workbench row selection and detail drawer > OA dirty sync still disables selected group actions 572ms
   ✓ Workbench row selection and detail drawer > workbench settings can manage allowed app accounts 1549ms
   ✓ Workbench row selection and detail drawer > bank account settings can edit names without blanking the settings page 409ms
   ✓ Workbench row selection and detail drawer > project status settings can sync, add, move, and delete local projects 660ms
   ✓ Workbench row selection and detail drawer > admin data reset requires impact confirmation and current OA password 1383ms
   ✓ Workbench row selection and detail drawer > admin data reset progress survives leaving and re-entering settings 953ms
   ✓ Workbench row selection and detail drawer > data reset password failure does not show success feedback 718ms
   ✓ Workbench row selection and detail drawer > canceling data reset password input does not call reset API or show success 604ms
   ✓ Workbench row selection and detail drawer > bank import standalone page sends per-file bank mapping overrides 1215ms
   ✓ Workbench row selection and detail drawer > invoice import standalone page combines input and output directions per file 1106ms
   ✓ Workbench row selection and detail drawer > ETC invoice import standalone page starts a background job through the ETC API 839ms
   ✓ Workbench row selection and detail drawer > invoice import standalone page confirms selected preview files without a workbench dialog 1067ms
   ✓ Workbench row selection and detail drawer > OA sync polling keeps the global status icon independent from local refresh messages 6232ms
   ✓ Workbench row selection and detail drawer > read-only export users can search and view details but cannot see write actions 1155ms
   ✓ Workbench row selection and detail drawer > paired zone withdraw action enables when one row in a relation is selected 721ms
   ✓ Workbench row selection and detail drawer > paired zone withdraw preview blocks immutable OA attachment invoice binding 467ms
   ✓ Workbench row selection and detail drawer > paired zone supports multi-select cancel and moves the selected group back to open 808ms
   ✓ Workbench row selection and detail drawer > open zone header exception action opens the unified modal instead of the OA-bank modal 1181ms
   ✓ Workbench row selection and detail drawer > processed exception rows move out of the open zone and appear in the processed exception modal 1404ms
   ✓ Workbench row selection and detail drawer > processed exception modal can cancel exception handling and move rows back to open 1552ms
   ✓ Workbench row selection and detail drawer > canceling processed exception restores rows after the fresh workbench refetch 859ms
   ✓ Workbench row selection and detail drawer > expands one zone to the full workbench area and restores it 390ms

 Test Files  69 passed (69)
      Tests  802 passed (802)
   Start at  20:58:09
   Duration  57.52s (transform 5.76s, setup 4.78s, collect 55.01s, tests 267.42s, environment 34.26s, prepare 5.88s)


> fin-ops-platform-web@0.1.0 build
> tsc -b && vite build

vite v5.4.21 building for production...
(node:2735) [DEP0205] DeprecationWarning: `module.register()` is deprecated. Use `module.registerHooks()` instead.
(Use `node --trace-deprecation ...` to show where the warning was created)
transforming...
✓ 3610 modules transformed.
rendering chunks...
warnings when minifying css:
▲ [WARNING] Unexpected ")" [css-syntax-error]

    <stdin>:2:137084:
      2 │ ....slider .slider__thumb:after:is(){transition-property:none}@medi...
        ╵                                    ^


▲ [WARNING] Unexpected ")" [css-syntax-error]

    <stdin>:2:137187:
      2 │ ...er .slider__thumb:after:not(:is()){transition-property:none}}.sl...
        ╵                                    ^


▲ [WARNING] Unexpected ")" [css-syntax-error]

    <stdin>:2:137385:
      2 │ ...mb[data-dragging=true]:after:is(){--tw-scale-x:100%;--tw-scale-y...
        ╵                                    ^


▲ [WARNING] Unexpected ")" [css-syntax-error]

    <stdin>:2:137579:
      2 │ ...ta-dragging=true]:after:not(:is()){--tw-scale-x:100%;--tw-scale-...
        ╵                                    ^


▲ [WARNING] Unexpected ")" [css-syntax-error]

    <stdin>:2:188529:
      2 │ ...te}.checkbox__control:before:is(){transition-property:none}@medi...
        ╵                                    ^


▲ [WARNING] Unexpected ")" [css-syntax-error]

    <stdin>:2:188629:
      2 │ ...heckbox__control:before:not(:is()){transition-property:none}}.ch...
        ╵                                    ^


▲ [WARNING] Unexpected ")" [css-syntax-error]

    <stdin>:2:235712:
      2 │ ...adio__indicator:empty:before:is(){transition-property:none}@medi...
        ╵                                    ^


▲ [WARNING] Unexpected ")" [css-syntax-error]

    <stdin>:2:235817:
      2 │ ..._indicator:empty:before:not(:is()){transition-property:none}}.ra...
        ╵                                    ^


▲ [WARNING] Unexpected ")" [css-syntax-error]

    <stdin>:2:384933:
      2 │ ...ole\=\'menuitem\'\]\:visible:is(){visibility:visible}}@property ...
        ╵                                    ^


computing gzip size...
dist/index.html                                          0.40 kB │ gzip:   0.31 kB
dist/assets/index-v85KqZ_4.css                         879.19 kB │ gzip:  97.31 kB
dist/assets/importRoutes-BDsTxOVh.js                     0.19 kB │ gzip:   0.13 kB
dist/assets/useToggleState-BwK03pQw.js                   0.30 kB │ gzip:   0.22 kB
dist/assets/chevron-down-VsnBOlg-.js                     0.30 kB │ gzip:   0.25 kB
dist/assets/plus-DalzIk85.js                             0.33 kB │ gzip:   0.26 kB
dist/assets/x-B_HsPpJ5.js                                0.33 kB │ gzip:   0.26 kB
dist/assets/search-BJVg5QkB.js                           0.35 kB │ gzip:   0.27 kB
dist/assets/PageToolbar-BQkXJsvO.js                      0.37 kB │ gzip:   0.21 kB
dist/assets/info-DXNh7tvo.js                             0.38 kB │ gzip:   0.28 kB
dist/assets/download-bEeMa9WV.js                         0.40 kB │ gzip:   0.30 kB
dist/assets/arrow-up-down-B1ChutGt.js                    0.42 kB │ gzip:   0.30 kB
dist/assets/funnel-Cuifpl_R.js                           0.43 kB │ gzip:   0.32 kB
dist/assets/ImportInvoicesPage-BZzf3Cr1.js               0.43 kB │ gzip:   0.28 kB
dist/assets/ImportEtcInvoicesPage-lPtIbK2x.js            0.44 kB │ gzip:   0.29 kB
dist/assets/ImportBankTransactionsPage-CVWAX6Qr.js       0.44 kB │ gzip:   0.29 kB
dist/assets/useActiveFinanceDomainEvent-C0qzlKh7.js      0.46 kB │ gzip:   0.27 kB
dist/assets/PageScaffold-DMlN8kiG.js                     0.46 kB │ gzip:   0.25 kB
dist/assets/refresh-cw-C8nVCO17.js                       0.49 kB │ gzip:   0.33 kB
dist/assets/trash-2-CXxzU4LH.js                          0.50 kB │ gzip:   0.32 kB
dist/assets/save-MqO5PBDr.js                             0.82 kB │ gzip:   0.40 kB
dist/assets/chevron-up-BLW2-Lj7.js                       0.87 kB │ gzip:   0.36 kB
dist/assets/DirectionTag-Wt7w08i9.js                     1.26 kB │ gzip:   0.57 kB
dist/assets/StatePanel-BH-GlGfr.js                       1.33 kB │ gzip:   0.55 kB
dist/assets/domainEvents-B84ii4Mp.js                     1.40 kB │ gzip:   0.69 kB
dist/assets/index-Bd4The_m.js                            2.26 kB │ gzip:   1.00 kB
dist/assets/WorkbenchColumnFilterMenu-BQSpUm1G.js        2.67 kB │ gzip:   1.26 kB
dist/assets/MonthPicker-D7LPEWYC.js                      2.83 kB │ gzip:   1.03 kB
dist/assets/AppDrawer-BMLcPBVY.js                        2.84 kB │ gzip:   1.03 kB
dist/assets/api-JrKH1LC0.js                              2.87 kB │ gzip:   1.61 kB
dist/assets/InputInvoiceUsageDetailDrawer-D5ZLSmIa.js    3.35 kB │ gzip:   1.43 kB
dist/assets/AppDialog-DAznflFD.js                        4.99 kB │ gzip:   1.59 kB
dist/assets/PendingInvoiceRulesDrawer-CagazlH9.js        6.93 kB │ gzip:   2.76 kB
dist/assets/api-CWG-dKzr.js                              9.46 kB │ gzip:   2.94 kB
dist/assets/AppHealthOperationsPage-3SKtIYwe.js         15.56 kB │ gzip:   4.40 kB
dist/assets/api-CMRSnQ1T.js                             21.22 kB │ gzip:   6.30 kB
dist/assets/api-DDgqG47v.js                             22.58 kB │ gzip:   6.61 kB
dist/assets/BatchAccountingPage-Dn3nY2f_.js             23.50 kB │ gzip:   7.67 kB
dist/assets/BankFlowRuleBatchPage-Bn8JZgFc.js           29.60 kB │ gzip:   8.69 kB
dist/assets/TaxOffsetPage-HxtCmVug.js                   37.97 kB │ gzip:  12.54 kB
dist/assets/OaPendingPaymentsPage-CaRBKkQy.js           38.97 kB │ gzip:  11.30 kB
dist/assets/api-v2qgQz-o.js                             42.81 kB │ gzip:  12.93 kB
dist/assets/ImportWorkflowPage-Z2sOD2Jj.js              49.02 kB │ gzip:  15.04 kB
dist/assets/CostStatisticsPage-BgHNBKxa.js              54.00 kB │ gzip:  14.05 kB
dist/assets/SettingsPage-CqOQhbh3.js                    54.06 kB │ gzip:  15.12 kB
dist/assets/TurnoverLedgerPage-Dv96dlJk.js              58.12 kB │ gzip:  16.07 kB
dist/assets/PendingInvoicesPage-BM6XiDj2.js             58.62 kB │ gzip:  16.16 kB
dist/assets/EtcTicketManagementPage-DcWoTNw7.js         72.42 kB │ gzip:  21.69 kB
dist/assets/OutputInvoiceCollectionsPage-uOhWQPYz.js    78.00 kB │ gzip:  20.54 kB
dist/assets/InputInvoiceUsagePage-C0jlNrxL.js           79.30 kB │ gzip:  21.45 kB
dist/assets/BankDetailsPage-8giaR_x_.js                 88.95 kB │ gzip:  25.39 kB
dist/assets/FinanceTable-CiPY1HMq.js                   114.60 kB │ gzip:  35.87 kB
dist/assets/ReconciliationWorkbenchPage-Bj9FpbtF.js    128.01 kB │ gzip:  37.63 kB
dist/assets/index-DAtkXLZ7.js                          500.79 kB │ gzip: 157.69 kB

(!) Some chunks are larger than 500 kB after minification. Consider:
- Using dynamic import() to code-split the application
- Use build.rollupOptions.output.manualChunks to improve chunking: https://rollupjs.org/configuration-options/#output-manualchunks
- Adjust chunk size limit for this warning via build.chunkSizeWarningLimit.
✓ built in 3.81s
