Looking in indexes: https://mirrors.tencent.com/pypi/simple
Requirement already satisfied: pip in /opt/fin-ops/releases/stage23-release-runtime-20260520231736/venv/lib64/python3.11/site-packages (23.3.1)
Collecting pip
  Using cached https://mirrors.tencent.com/pypi/packages/3a/eb/fea4d1d51c49832120f7f285d07306db3960f423a2612c6057caf3e8196f/pip-26.1.1-py3-none-any.whl (1.8 MB)
Requirement already satisfied: setuptools in /opt/fin-ops/releases/stage23-release-runtime-20260520231736/venv/lib64/python3.11/site-packages (68.0.0)
Collecting setuptools
  Using cached https://mirrors.tencent.com/pypi/packages/9d/76/f789f7a86709c6b087c5a2f52f911838cad707cc613162401badc665acfe/setuptools-82.0.1-py3-none-any.whl (1.0 MB)
Collecting wheel
  Using cached https://mirrors.tencent.com/pypi/packages/87/1b/9e33c09813d65e248f7f773119148a612516a4bea93e9c6f545f78455b7c/wheel-0.47.0-py3-none-any.whl (32 kB)
Collecting packaging>=24.0 (from wheel)
  Using cached https://mirrors.tencent.com/pypi/packages/df/b2/87e62e8c3e2f4b32e5fe99e0b86d576da1312593b39f47d8ceef365e95ed/packaging-26.2-py3-none-any.whl (100 kB)
Installing collected packages: setuptools, pip, packaging, wheel
  Attempting uninstall: setuptools
    Found existing installation: setuptools 68.0.0
    Uninstalling setuptools-68.0.0:
      Successfully uninstalled setuptools-68.0.0
  Attempting uninstall: pip
    Found existing installation: pip 23.3.1
    Uninstalling pip-23.3.1:
      Successfully uninstalled pip-23.3.1
Successfully installed packaging-26.2 pip-26.1.1 setuptools-82.0.1 wheel-0.47.0
