Looking in indexes: https://mirrors.tencent.com/pypi/simple
Collecting openpyxl==3.1.5 (from -r /opt/fin-ops/releases/stage23-release-runtime-20260520231736/src/backend/requirements.txt (line 1))
  Downloading openpyxl-3.1.5-py2.py3-none-any.whl (250 kB)
Collecting pillow==11.3.0 (from -r /opt/fin-ops/releases/stage23-release-runtime-20260520231736/src/backend/requirements.txt (line 2))
  Downloading pillow-11.3.0-cp311-cp311-manylinux_2_27_x86_64.manylinux_2_28_x86_64.whl (6.6 MB)
     ━━━━━━━━━━━━━━━━━━━━━━━━━━━━━━━━━━━━━━━━ 6.6/6.6 MB 42.5 MB/s  0:00:00
Collecting pdfplumber==0.11.7 (from -r /opt/fin-ops/releases/stage23-release-runtime-20260520231736/src/backend/requirements.txt (line 3))
  Downloading pdfplumber-0.11.7-py3-none-any.whl (60 kB)
Collecting pymupdf==1.26.4 (from -r /opt/fin-ops/releases/stage23-release-runtime-20260520231736/src/backend/requirements.txt (line 4))
  Downloading pymupdf-1.26.4-cp39-abi3-manylinux_2_28_x86_64.whl (24.1 MB)
     ━━━━━━━━━━━━━━━━━━━━━━━━━━━━━━━━━━━━━━━━ 24.1/24.1 MB 83.9 MB/s  0:00:00
Collecting pymongo==4.14.1 (from -r /opt/fin-ops/releases/stage23-release-runtime-20260520231736/src/backend/requirements.txt (line 5))
  Downloading pymongo-4.14.1-cp311-cp311-manylinux_2_17_x86_64.manylinux2014_x86_64.whl (1.4 MB)
     ━━━━━━━━━━━━━━━━━━━━━━━━━━━━━━━━━━━━━━━━ 1.4/1.4 MB 100.6 MB/s  0:00:00
Collecting psycopg==3.3.3 (from psycopg[binary,pool]==3.3.3->-r /opt/fin-ops/releases/stage23-release-runtime-20260520231736/src/backend/requirements.txt (line 6))
  Downloading psycopg-3.3.3-py3-none-any.whl (212 kB)
Collecting PyMySQL==1.1.1 (from -r /opt/fin-ops/releases/stage23-release-runtime-20260520231736/src/backend/requirements.txt (line 7))
  Downloading PyMySQL-1.1.1-py3-none-any.whl (44 kB)
Collecting rapidocr_onnxruntime==1.2.3 (from -r /opt/fin-ops/releases/stage23-release-runtime-20260520231736/src/backend/requirements.txt (line 8))
  Downloading rapidocr_onnxruntime-1.2.3-py3-none-any.whl (12.3 MB)
     ━━━━━━━━━━━━━━━━━━━━━━━━━━━━━━━━━━━━━━━━ 12.3/12.3 MB 87.9 MB/s  0:00:00
Collecting xlrd==2.0.2 (from -r /opt/fin-ops/releases/stage23-release-runtime-20260520231736/src/backend/requirements.txt (line 9))
  Downloading xlrd-2.0.2-py2.py3-none-any.whl (96 kB)
Collecting et-xmlfile (from openpyxl==3.1.5->-r /opt/fin-ops/releases/stage23-release-runtime-20260520231736/src/backend/requirements.txt (line 1))
  Downloading et_xmlfile-2.0.0-py3-none-any.whl (18 kB)
Collecting pdfminer.six==20250506 (from pdfplumber==0.11.7->-r /opt/fin-ops/releases/stage23-release-runtime-20260520231736/src/backend/requirements.txt (line 3))
  Downloading pdfminer_six-20250506-py3-none-any.whl (5.6 MB)
     ━━━━━━━━━━━━━━━━━━━━━━━━━━━━━━━━━━━━━━━━ 5.6/5.6 MB 35.9 MB/s  0:00:00
Collecting pypdfium2>=4.18.0 (from pdfplumber==0.11.7->-r /opt/fin-ops/releases/stage23-release-runtime-20260520231736/src/backend/requirements.txt (line 3))
  Downloading pypdfium2-5.8.0-py3-none-manylinux_2_17_x86_64.manylinux2014_x86_64.whl (3.7 MB)
     ━━━━━━━━━━━━━━━━━━━━━━━━━━━━━━━━━━━━━━━━ 3.7/3.7 MB 72.2 MB/s  0:00:00
Collecting dnspython<3.0.0,>=1.16.0 (from pymongo==4.14.1->-r /opt/fin-ops/releases/stage23-release-runtime-20260520231736/src/backend/requirements.txt (line 5))
  Downloading dnspython-2.8.0-py3-none-any.whl (331 kB)
Collecting typing-extensions>=4.6 (from psycopg==3.3.3->psycopg[binary,pool]==3.3.3->-r /opt/fin-ops/releases/stage23-release-runtime-20260520231736/src/backend/requirements.txt (line 6))
  Using cached typing_extensions-4.15.0-py3-none-any.whl (44 kB)
Collecting pyclipper>=1.2.1 (from rapidocr_onnxruntime==1.2.3->-r /opt/fin-ops/releases/stage23-release-runtime-20260520231736/src/backend/requirements.txt (line 8))
  Downloading pyclipper-1.4.0-cp311-cp311-manylinux2014_x86_64.manylinux_2_17_x86_64.whl (989 kB)
     ━━━━━━━━━━━━━━━━━━━━━━━━━━━━━━━━━━━━━━━━ 989.6/989.6 kB 12.0 MB/s  0:00:00
Collecting onnxruntime>=1.7.0 (from rapidocr_onnxruntime==1.2.3->-r /opt/fin-ops/releases/stage23-release-runtime-20260520231736/src/backend/requirements.txt (line 8))
  Downloading onnxruntime-1.26.0-cp311-cp311-manylinux_2_27_x86_64.manylinux_2_28_x86_64.whl (18.2 MB)
     ━━━━━━━━━━━━━━━━━━━━━━━━━━━━━━━━━━━━━━━━ 18.2/18.2 MB 89.6 MB/s  0:00:00
Collecting opencv-python>=4.5.1.48 (from rapidocr_onnxruntime==1.2.3->-r /opt/fin-ops/releases/stage23-release-runtime-20260520231736/src/backend/requirements.txt (line 8))
  Downloading opencv_python-4.13.0.92-cp37-abi3-manylinux_2_28_x86_64.whl (72.9 MB)
     ━━━━━━━━━━━━━━━━━━━━━━━━━━━━━━━━━━━━━━━━ 72.9/72.9 MB 70.7 MB/s  0:00:01
Collecting numpy>=1.19.3 (from rapidocr_onnxruntime==1.2.3->-r /opt/fin-ops/releases/stage23-release-runtime-20260520231736/src/backend/requirements.txt (line 8))
  Downloading numpy-2.4.6-cp311-cp311-manylinux_2_27_x86_64.manylinux_2_28_x86_64.whl (16.9 MB)
     ━━━━━━━━━━━━━━━━━━━━━━━━━━━━━━━━━━━━━━━━ 16.9/16.9 MB 58.8 MB/s  0:00:00
Collecting six>=1.15.0 (from rapidocr_onnxruntime==1.2.3->-r /opt/fin-ops/releases/stage23-release-runtime-20260520231736/src/backend/requirements.txt (line 8))
  Downloading six-1.17.0-py2.py3-none-any.whl (11 kB)
Collecting Shapely>=1.7.1 (from rapidocr_onnxruntime==1.2.3->-r /opt/fin-ops/releases/stage23-release-runtime-20260520231736/src/backend/requirements.txt (line 8))
  Downloading shapely-2.1.2-cp311-cp311-manylinux2014_x86_64.manylinux_2_17_x86_64.whl (3.1 MB)
     ━━━━━━━━━━━━━━━━━━━━━━━━━━━━━━━━━━━━━━━━ 3.1/3.1 MB 26.9 MB/s  0:00:00
Collecting PyYAML (from rapidocr_onnxruntime==1.2.3->-r /opt/fin-ops/releases/stage23-release-runtime-20260520231736/src/backend/requirements.txt (line 8))
  Downloading pyyaml-6.0.3-cp311-cp311-manylinux2014_x86_64.manylinux_2_17_x86_64.manylinux_2_28_x86_64.whl (806 kB)
     ━━━━━━━━━━━━━━━━━━━━━━━━━━━━━━━━━━━━━━━━ 806.6/806.6 kB 70.5 MB/s  0:00:00
Collecting charset-normalizer>=2.0.0 (from pdfminer.six==20250506->pdfplumber==0.11.7->-r /opt/fin-ops/releases/stage23-release-runtime-20260520231736/src/backend/requirements.txt (line 3))
  Downloading charset_normalizer-3.4.7-cp311-cp311-manylinux2014_x86_64.manylinux_2_17_x86_64.manylinux_2_28_x86_64.whl (214 kB)
Collecting cryptography>=36.0.0 (from pdfminer.six==20250506->pdfplumber==0.11.7->-r /opt/fin-ops/releases/stage23-release-runtime-20260520231736/src/backend/requirements.txt (line 3))
  Downloading cryptography-48.0.0-cp311-abi3-manylinux_2_34_x86_64.whl (4.7 MB)
     ━━━━━━━━━━━━━━━━━━━━━━━━━━━━━━━━━━━━━━━━ 4.7/4.7 MB 73.4 MB/s  0:00:00
Collecting psycopg-binary==3.3.3 (from psycopg[binary,pool]==3.3.3->-r /opt/fin-ops/releases/stage23-release-runtime-20260520231736/src/backend/requirements.txt (line 6))
  Downloading psycopg_binary-3.3.3-cp311-cp311-manylinux2014_x86_64.manylinux_2_17_x86_64.whl (5.2 MB)
     ━━━━━━━━━━━━━━━━━━━━━━━━━━━━━━━━━━━━━━━━ 5.2/5.2 MB 39.5 MB/s  0:00:00
Collecting psycopg-pool (from psycopg[binary,pool]==3.3.3->-r /opt/fin-ops/releases/stage23-release-runtime-20260520231736/src/backend/requirements.txt (line 6))
  Downloading psycopg_pool-3.3.1-py3-none-any.whl (40 kB)
Collecting cffi>=2.0.0 (from cryptography>=36.0.0->pdfminer.six==20250506->pdfplumber==0.11.7->-r /opt/fin-ops/releases/stage23-release-runtime-20260520231736/src/backend/requirements.txt (line 3))
  Downloading cffi-2.0.0-cp311-cp311-manylinux2014_x86_64.manylinux_2_17_x86_64.whl (215 kB)
Collecting pycparser (from cffi>=2.0.0->cryptography>=36.0.0->pdfminer.six==20250506->pdfplumber==0.11.7->-r /opt/fin-ops/releases/stage23-release-runtime-20260520231736/src/backend/requirements.txt (line 3))
  Downloading pycparser-3.0-py3-none-any.whl (48 kB)
Collecting flatbuffers (from onnxruntime>=1.7.0->rapidocr_onnxruntime==1.2.3->-r /opt/fin-ops/releases/stage23-release-runtime-20260520231736/src/backend/requirements.txt (line 8))
  Downloading flatbuffers-25.12.19-py2.py3-none-any.whl (26 kB)
Requirement already satisfied: packaging in /opt/fin-ops/releases/stage23-release-runtime-20260520231736/venv/lib64/python3.11/site-packages (from onnxruntime>=1.7.0->rapidocr_onnxruntime==1.2.3->-r /opt/fin-ops/releases/stage23-release-runtime-20260520231736/src/backend/requirements.txt (line 8)) (26.2)
Collecting protobuf (from onnxruntime>=1.7.0->rapidocr_onnxruntime==1.2.3->-r /opt/fin-ops/releases/stage23-release-runtime-20260520231736/src/backend/requirements.txt (line 8))
  Downloading protobuf-7.35.0-cp310-abi3-manylinux2014_x86_64.whl (327 kB)
Installing collected packages: flatbuffers, xlrd, typing-extensions, six, PyYAML, pypdfium2, PyMySQL, pymupdf, pycparser, pyclipper, psycopg-binary, protobuf, pillow, numpy, et-xmlfile, dnspython, charset-normalizer, Shapely, pymongo, psycopg-pool, psycopg, openpyxl, opencv-python, onnxruntime, cffi, rapidocr_onnxruntime, cryptography, pdfminer.six, pdfplumber

Successfully installed PyMySQL-1.1.1 PyYAML-6.0.3 Shapely-2.1.2 cffi-2.0.0 charset-normalizer-3.4.7 cryptography-48.0.0 dnspython-2.8.0 et-xmlfile-2.0.0 flatbuffers-25.12.19 numpy-2.4.6 onnxruntime-1.26.0 opencv-python-4.13.0.92 openpyxl-3.1.5 pdfminer.six-20250506 pdfplumber-0.11.7 pillow-11.3.0 protobuf-7.35.0 psycopg-3.3.3 psycopg-binary-3.3.3 psycopg-pool-3.3.1 pyclipper-1.4.0 pycparser-3.0 pymongo-4.14.1 pymupdf-1.26.4 pypdfium2-5.8.0 rapidocr_onnxruntime-1.2.3 six-1.17.0 typing-extensions-4.15.0 xlrd-2.0.2
